13:59:58 **** Build of configuration Debug for project Full_TEST ****
make -j12 all 
Building file: ../Drivers/STM32F7xx_HAL_Driver/Src/stm32f7xx_hal.c
Building file: ../startup/startup_stm32f746xx.s
Building file: ../Drivers/STM32F7xx_HAL_Driver/Src/stm32f7xx_hal_cortex.c
Building file: ../Drivers/STM32F7xx_HAL_Driver/Src/stm32f7xx_hal_dma.c
Building file: ../Drivers/STM32F7xx_HAL_Driver/Src/stm32f7xx_hal_dma_ex.c
Building file: ../Drivers/STM32F7xx_HAL_Driver/Src/stm32f7xx_hal_exti.c
Invoking: MCU GCC Assembler
Invoking: MCU GCC Compiler
Invoking: MCU GCC Compiler
Invoking: MCU GCC Compiler
Invoking: MCU GCC Compiler
Invoking: MCU GCC Compiler
C:\Users\troch\Documents\GitHub\Multifunctionele-high-power-zaklamp\Programma\Full_TEST\Debug
C:\Users\troch\Documents\GitHub\Multifunctionele-high-power-zaklamp\Programma\Full_TEST\Debug
arm-none-eabi-as -mcpu=cortex-m7 -mthumb -mfloat-abi=hard -mfpu=fpv5-sp-d16 -g -o "startup/startup_stm32f746xx.o" "../startup/startup_stm32f746xx.s"
C:\Users\troch\Documents\GitHub\Multifunctionele-high-power-zaklamp\Programma\Full_TEST\Debug
arm-none-eabi-gcc -mcpu=cortex-m7 -mthumb -mfloat-abi=hard -mfpu=fpv5-sp-d16 -DUSE_HAL_DRIVER -DSTM32F746xx -I"C:/Users/troch/Documents/GitHub/Multifunctionele-high-power-zaklamp/Programma/Full_TEST/Core/Inc" -I"C:/Users/troch/Documents/GitHub/Multifunctionele-high-power-zaklamp/Programma/Full_TEST/Drivers/STM32F7xx_HAL_Driver/Inc" -I"C:/Users/troch/Documents/GitHub/Multifunctionele-high-power-zaklamp/Programma/Full_TEST/Drivers/STM32F7xx_HAL_Driver/Inc/Legacy" -I"C:/Users/troch/Documents/GitHub/Multifunctionele-high-power-zaklamp/Programma/Full_TEST/Drivers/CMSIS/Device/ST/STM32F7xx/Include" -I"C:/Users/troch/Documents/GitHub/Multifunctionele-high-power-zaklamp/Programma/Full_TEST/Drivers/CMSIS/Include"  -Og -g3 -Wall -fmessage-length=0 -ffunction-sections -c -fmessage-length=0 -MMD -MP -MF"Drivers/STM32F7xx_HAL_Driver/Src/stm32f7xx_hal.d" -MT"Drivers/STM32F7xx_HAL_Driver/Src/stm32f7xx_hal.o" -o "Drivers/STM32F7xx_HAL_Driver/Src/stm32f7xx_hal.o" "../Drivers/STM32F7xx_HAL_Driver/Src/stm32f7xx_hal.c"
C:\Users\troch\Documents\GitHub\Multifunctionele-high-power-zaklamp\Programma\Full_TEST\Debug
C:\Users\troch\Documents\GitHub\Multifunctionele-high-power-zaklamp\Programma\Full_TEST\Debug
arm-none-eabi-gcc -mcpu=cortex-m7 -mthumb -mfloat-abi=hard -mfpu=fpv5-sp-d16 -DUSE_HAL_DRIVER -DSTM32F746xx -I"C:/Users/troch/Documents/GitHub/Multifunctionele-high-power-zaklamp/Programma/Full_TEST/Core/Inc" -I"C:/Users/troch/Documents/GitHub/Multifunctionele-high-power-zaklamp/Programma/Full_TEST/Drivers/STM32F7xx_HAL_Driver/Inc" -I"C:/Users/troch/Documents/GitHub/Multifunctionele-high-power-zaklamp/Programma/Full_TEST/Drivers/STM32F7xx_HAL_Driver/Inc/Legacy" -I"C:/Users/troch/Documents/GitHub/Multifunctionele-high-power-zaklamp/Programma/Full_TEST/Drivers/CMSIS/Device/ST/STM32F7xx/Include" -I"C:/Users/troch/Documents/GitHub/Multifunctionele-high-power-zaklamp/Programma/Full_TEST/Drivers/CMSIS/Include"  -Og -g3 -Wall -fmessage-length=0 -ffunction-sections -c -fmessage-length=0 -MMD -MP -MF"Drivers/STM32F7xx_HAL_Driver/Src/stm32f7xx_hal_cortex.d" -MT"Drivers/STM32F7xx_HAL_Driver/Src/stm32f7xx_hal_cortex.o" -o "Drivers/STM32F7xx_HAL_Driver/Src/stm32f7xx_hal_cortex.o" "../Drivers/STM32F7xx_HAL_Driver/Src/stm32f7xx_hal_cortex.c"
C:\Users\troch\Documents\GitHub\Multifunctionele-high-power-zaklamp\Programma\Full_TEST\Debug
arm-none-eabi-gcc -mcpu=cortex-m7 -mthumb -mfloat-abi=hard -mfpu=fpv5-sp-d16 -DUSE_HAL_DRIVER -DSTM32F746xx -I"C:/Users/troch/Documents/GitHub/Multifunctionele-high-power-zaklamp/Programma/Full_TEST/Core/Inc" -I"C:/Users/troch/Documents/GitHub/Multifunctionele-high-power-zaklamp/Programma/Full_TEST/Drivers/STM32F7xx_HAL_Driver/Inc" -I"C:/Users/troch/Documents/GitHub/Multifunctionele-high-power-zaklamp/Programma/Full_TEST/Drivers/STM32F7xx_HAL_Driver/Inc/Legacy" -I"C:/Users/troch/Documents/GitHub/Multifunctionele-high-power-zaklamp/Programma/Full_TEST/Drivers/CMSIS/Device/ST/STM32F7xx/Include" -I"C:/Users/troch/Documents/GitHub/Multifunctionele-high-power-zaklamp/Programma/Full_TEST/Drivers/CMSIS/Include"  -Og -g3 -Wall -fmessage-length=0 -ffunction-sections -c -fmessage-length=0 -MMD -MP -MF"Drivers/STM32F7xx_HAL_Driver/Src/stm32f7xx_hal_dma.d" -MT"Drivers/STM32F7xx_HAL_Driver/Src/stm32f7xx_hal_dma.o" -o "Drivers/STM32F7xx_HAL_Driver/Src/stm32f7xx_hal_dma.o" "../Drivers/STM32F7xx_HAL_Driver/Src/stm32f7xx_hal_dma.c"
arm-none-eabi-gcc -mcpu=cortex-m7 -mthumb -mfloat-abi=hard -mfpu=fpv5-sp-d16 -DUSE_HAL_DRIVER -DSTM32F746xx -I"C:/Users/troch/Documents/GitHub/Multifunctionele-high-power-zaklamp/Programma/Full_TEST/Core/Inc" -I"C:/Users/troch/Documents/GitHub/Multifunctionele-high-power-zaklamp/Programma/Full_TEST/Drivers/STM32F7xx_HAL_Driver/Inc" -I"C:/Users/troch/Documents/GitHub/Multifunctionele-high-power-zaklamp/Programma/Full_TEST/Drivers/STM32F7xx_HAL_Driver/Inc/Legacy" -I"C:/Users/troch/Documents/GitHub/Multifunctionele-high-power-zaklamp/Programma/Full_TEST/Drivers/CMSIS/Device/ST/STM32F7xx/Include" -I"C:/Users/troch/Documents/GitHub/Multifunctionele-high-power-zaklamp/Programma/Full_TEST/Drivers/CMSIS/Include"  -Og -g3 -Wall -fmessage-length=0 -ffunction-sections -c -fmessage-length=0 -MMD -MP -MF"Drivers/STM32F7xx_HAL_Driver/Src/stm32f7xx_hal_dma_ex.d" -MT"Drivers/STM32F7xx_HAL_Driver/Src/stm32f7xx_hal_dma_ex.o" -o "Drivers/STM32F7xx_HAL_Driver/Src/stm32f7xx_hal_dma_ex.o" "../Drivers/STM32F7xx_HAL_Driver/Src/stm32f7xx_hal_dma_ex.c"
arm-none-eabi-gcc -mcpu=cortex-m7 -mthumb -mfloat-abi=hard -mfpu=fpv5-sp-d16 -DUSE_HAL_DRIVER -DSTM32F746xx -I"C:/Users/troch/Documents/GitHub/Multifunctionele-high-power-zaklamp/Programma/Full_TEST/Core/Inc" -I"C:/Users/troch/Documents/GitHub/Multifunctionele-high-power-zaklamp/Programma/Full_TEST/Drivers/STM32F7xx_HAL_Driver/Inc" -I"C:/Users/troch/Documents/GitHub/Multifunctionele-high-power-zaklamp/Programma/Full_TEST/Drivers/STM32F7xx_HAL_Driver/Inc/Legacy" -I"C:/Users/troch/Documents/GitHub/Multifunctionele-high-power-zaklamp/Programma/Full_TEST/Drivers/CMSIS/Device/ST/STM32F7xx/Include" -I"C:/Users/troch/Documents/GitHub/Multifunctionele-high-power-zaklamp/Programma/Full_TEST/Drivers/CMSIS/Include"  -Og -g3 -Wall -fmessage-length=0 -ffunction-sections -c -fmessage-length=0 -MMD -MP -MF"Drivers/STM32F7xx_HAL_Driver/Src/stm32f7xx_hal_exti.d" -MT"Drivers/STM32F7xx_HAL_Driver/Src/stm32f7xx_hal_exti.o" -o "Drivers/STM32F7xx_HAL_Driver/Src/stm32f7xx_hal_exti.o" "../Drivers/STM32F7xx_HAL_Driver/Src/stm32f7xx_hal_exti.c"
Building file: ../Drivers/STM32F7xx_HAL_Driver/Src/stm32f7xx_hal_flash.c
Building file: ../Drivers/STM32F7xx_HAL_Driver/Src/stm32f7xx_hal_flash_ex.c
Building file: ../Drivers/STM32F7xx_HAL_Driver/Src/stm32f7xx_hal_gpio.c
Building file: ../Drivers/STM32F7xx_HAL_Driver/Src/stm32f7xx_hal_i2c.c
Invoking: MCU GCC Compiler
Invoking: MCU GCC Compiler
Invoking: MCU GCC Compiler
Invoking: MCU GCC Compiler
Building file: ../Drivers/STM32F7xx_HAL_Driver/Src/stm32f7xx_hal_i2c_ex.c
Building file: ../Drivers/STM32F7xx_HAL_Driver/Src/stm32f7xx_hal_pwr.c
C:\Users\troch\Documents\GitHub\Multifunctionele-high-power-zaklamp\Programma\Full_TEST\Debug
arm-none-eabi-gcc -mcpu=cortex-m7 -mthumb -mfloat-abi=hard -mfpu=fpv5-sp-d16 -DUSE_HAL_DRIVER -DSTM32F746xx -I"C:/Users/troch/Documents/GitHub/Multifunctionele-high-power-zaklamp/Programma/Full_TEST/Core/Inc" -I"C:/Users/troch/Documents/GitHub/Multifunctionele-high-power-zaklamp/Programma/Full_TEST/Drivers/STM32F7xx_HAL_Driver/Inc" -I"C:/Users/troch/Documents/GitHub/Multifunctionele-high-power-zaklamp/Programma/Full_TEST/Drivers/STM32F7xx_HAL_Driver/Inc/Legacy" -I"C:/Users/troch/Documents/GitHub/Multifunctionele-high-power-zaklamp/Programma/Full_TEST/Drivers/CMSIS/Device/ST/STM32F7xx/Include" -I"C:/Users/troch/Documents/GitHub/Multifunctionele-high-power-zaklamp/Programma/Full_TEST/Drivers/CMSIS/Include"  -Og -g3 -Wall -fmessage-length=0 -ffunction-sections -c -fmessage-length=0 -MMD -MP -MF"Drivers/STM32F7xx_HAL_Driver/Src/stm32f7xx_hal_flash_ex.d" -MT"Drivers/STM32F7xx_HAL_Driver/Src/stm32f7xx_hal_flash_ex.o" -o "Drivers/STM32F7xx_HAL_Driver/Src/stm32f7xx_hal_flash_ex.o" "../Drivers/STM32F7xx_HAL_Driver/Src/stm32f7xx_hal_flash_ex.c"
C:\Users\troch\Documents\GitHub\Multifunctionele-high-power-zaklamp\Programma\Full_TEST\Debug
Finished building: ../startup/startup_stm32f746xx.s
Invoking: MCU GCC Compiler
Invoking: MCU GCC Compiler
arm-none-eabi-gcc -mcpu=cortex-m7 -mthumb -mfloat-abi=hard -mfpu=fpv5-sp-d16 -DUSE_HAL_DRIVER -DSTM32F746xx -I"C:/Users/troch/Documents/GitHub/Multifunctionele-high-power-zaklamp/Programma/Full_TEST/Core/Inc" -I"C:/Users/troch/Documents/GitHub/Multifunctionele-high-power-zaklamp/Programma/Full_TEST/Drivers/STM32F7xx_HAL_Driver/Inc" -I"C:/Users/troch/Documents/GitHub/Multifunctionele-high-power-zaklamp/Programma/Full_TEST/Drivers/STM32F7xx_HAL_Driver/Inc/Legacy" -I"C:/Users/troch/Documents/GitHub/Multifunctionele-high-power-zaklamp/Programma/Full_TEST/Drivers/CMSIS/Device/ST/STM32F7xx/Include" -I"C:/Users/troch/Documents/GitHub/Multifunctionele-high-power-zaklamp/Programma/Full_TEST/Drivers/CMSIS/Include"  -Og -g3 -Wall -fmessage-length=0 -ffunction-sections -c -fmessage-length=0 -MMD -MP -MF"Drivers/STM32F7xx_HAL_Driver/Src/stm32f7xx_hal_gpio.d" -MT"Drivers/STM32F7xx_HAL_Driver/Src/stm32f7xx_hal_gpio.o" -o "Drivers/STM32F7xx_HAL_Driver/Src/stm32f7xx_hal_gpio.o" "../Drivers/STM32F7xx_HAL_Driver/Src/stm32f7xx_hal_gpio.c"
C:\Users\troch\Documents\GitHub\Multifunctionele-high-power-zaklamp\Programma\Full_TEST\Debug
C:\Users\troch\Documents\GitHub\Multifunctionele-high-power-zaklamp\Programma\Full_TEST\Debug
arm-none-eabi-gcc -mcpu=cortex-m7 -mthumb -mfloat-abi=hard -mfpu=fpv5-sp-d16 -DUSE_HAL_DRIVER -DSTM32F746xx -I"C:/Users/troch/Documents/GitHub/Multifunctionele-high-power-zaklamp/Programma/Full_TEST/Core/Inc" -I"C:/Users/troch/Documents/GitHub/Multifunctionele-high-power-zaklamp/Programma/Full_TEST/Drivers/STM32F7xx_HAL_Driver/Inc" -I"C:/Users/troch/Documents/GitHub/Multifunctionele-high-power-zaklamp/Programma/Full_TEST/Drivers/STM32F7xx_HAL_Driver/Inc/Legacy" -I"C:/Users/troch/Documents/GitHub/Multifunctionele-high-power-zaklamp/Programma/Full_TEST/Drivers/CMSIS/Device/ST/STM32F7xx/Include" -I"C:/Users/troch/Documents/GitHub/Multifunctionele-high-power-zaklamp/Programma/Full_TEST/Drivers/CMSIS/Include"  -Og -g3 -Wall -fmessage-length=0 -ffunction-sections -c -fmessage-length=0 -MMD -MP -MF"Drivers/STM32F7xx_HAL_Driver/Src/stm32f7xx_hal_flash.d" -MT"Drivers/STM32F7xx_HAL_Driver/Src/stm32f7xx_hal_flash.o" -o "Drivers/STM32F7xx_HAL_Driver/Src/stm32f7xx_hal_flash.o" "../Drivers/STM32F7xx_HAL_Driver/Src/stm32f7xx_hal_flash.c"
 
arm-none-eabi-gcc -mcpu=cortex-m7 -mthumb -mfloat-abi=hard -mfpu=fpv5-sp-d16 -DUSE_HAL_DRIVER -DSTM32F746xx -I"C:/Users/troch/Documents/GitHub/Multifunctionele-high-power-zaklamp/Programma/Full_TEST/Core/Inc" -I"C:/Users/troch/Documents/GitHub/Multifunctionele-high-power-zaklamp/Programma/Full_TEST/Drivers/STM32F7xx_HAL_Driver/Inc" -I"C:/Users/troch/Documents/GitHub/Multifunctionele-high-power-zaklamp/Programma/Full_TEST/Drivers/STM32F7xx_HAL_Driver/Inc/Legacy" -I"C:/Users/troch/Documents/GitHub/Multifunctionele-high-power-zaklamp/Programma/Full_TEST/Drivers/CMSIS/Device/ST/STM32F7xx/Include" -I"C:/Users/troch/Documents/GitHub/Multifunctionele-high-power-zaklamp/Programma/Full_TEST/Drivers/CMSIS/Include"  -Og -g3 -Wall -fmessage-length=0 -ffunction-sections -c -fmessage-length=0 -MMD -MP -MF"Drivers/STM32F7xx_HAL_Driver/Src/stm32f7xx_hal_i2c.d" -MT"Drivers/STM32F7xx_HAL_Driver/Src/stm32f7xx_hal_i2c.o" -o "Drivers/STM32F7xx_HAL_Driver/Src/stm32f7xx_hal_i2c.o" "../Drivers/STM32F7xx_HAL_Driver/Src/stm32f7xx_hal_i2c.c"
C:\Users\troch\Documents\GitHub\Multifunctionele-high-power-zaklamp\Programma\Full_TEST\Debug
Building file: ../Drivers/STM32F7xx_HAL_Driver/Src/stm32f7xx_hal_pwr_ex.c
arm-none-eabi-gcc -mcpu=cortex-m7 -mthumb -mfloat-abi=hard -mfpu=fpv5-sp-d16 -DUSE_HAL_DRIVER -DSTM32F746xx -I"C:/Users/troch/Documents/GitHub/Multifunctionele-high-power-zaklamp/Programma/Full_TEST/Core/Inc" -I"C:/Users/troch/Documents/GitHub/Multifunctionele-high-power-zaklamp/Programma/Full_TEST/Drivers/STM32F7xx_HAL_Driver/Inc" -I"C:/Users/troch/Documents/GitHub/Multifunctionele-high-power-zaklamp/Programma/Full_TEST/Drivers/STM32F7xx_HAL_Driver/Inc/Legacy" -I"C:/Users/troch/Documents/GitHub/Multifunctionele-high-power-zaklamp/Programma/Full_TEST/Drivers/CMSIS/Device/ST/STM32F7xx/Include" -I"C:/Users/troch/Documents/GitHub/Multifunctionele-high-power-zaklamp/Programma/Full_TEST/Drivers/CMSIS/Include"  -Og -g3 -Wall -fmessage-length=0 -ffunction-sections -c -fmessage-length=0 -MMD -MP -MF"Drivers/STM32F7xx_HAL_Driver/Src/stm32f7xx_hal_i2c_ex.d" -MT"Drivers/STM32F7xx_HAL_Driver/Src/stm32f7xx_hal_i2c_ex.o" -o "Drivers/STM32F7xx_HAL_Driver/Src/stm32f7xx_hal_i2c_ex.o" "../Drivers/STM32F7xx_HAL_Driver/Src/stm32f7xx_hal_i2c_ex.c"
C:\Users\troch\Documents\GitHub\Multifunctionele-high-power-zaklamp\Programma\Full_TEST\Debug
Invoking: MCU GCC Compiler
arm-none-eabi-gcc -mcpu=cortex-m7 -mthumb -mfloat-abi=hard -mfpu=fpv5-sp-d16 -DUSE_HAL_DRIVER -DSTM32F746xx -I"C:/Users/troch/Documents/GitHub/Multifunctionele-high-power-zaklamp/Programma/Full_TEST/Core/Inc" -I"C:/Users/troch/Documents/GitHub/Multifunctionele-high-power-zaklamp/Programma/Full_TEST/Drivers/STM32F7xx_HAL_Driver/Inc" -I"C:/Users/troch/Documents/GitHub/Multifunctionele-high-power-zaklamp/Programma/Full_TEST/Drivers/STM32F7xx_HAL_Driver/Inc/Legacy" -I"C:/Users/troch/Documents/GitHub/Multifunctionele-high-power-zaklamp/Programma/Full_TEST/Drivers/CMSIS/Device/ST/STM32F7xx/Include" -I"C:/Users/troch/Documents/GitHub/Multifunctionele-high-power-zaklamp/Programma/Full_TEST/Drivers/CMSIS/Include"  -Og -g3 -Wall -fmessage-length=0 -ffunction-sections -c -fmessage-length=0 -MMD -MP -MF"Drivers/STM32F7xx_HAL_Driver/Src/stm32f7xx_hal_pwr.d" -MT"Drivers/STM32F7xx_HAL_Driver/Src/stm32f7xx_hal_pwr.o" -o "Drivers/STM32F7xx_HAL_Driver/Src/stm32f7xx_hal_pwr.o" "../Drivers/STM32F7xx_HAL_Driver/Src/stm32f7xx_hal_pwr.c"
C:\Users\troch\Documents\GitHub\Multifunctionele-high-power-zaklamp\Programma\Full_TEST\Debug
arm-none-eabi-gcc -mcpu=cortex-m7 -mthumb -mfloat-abi=hard -mfpu=fpv5-sp-d16 -DUSE_HAL_DRIVER -DSTM32F746xx -I"C:/Users/troch/Documents/GitHub/Multifunctionele-high-power-zaklamp/Programma/Full_TEST/Core/Inc" -I"C:/Users/troch/Documents/GitHub/Multifunctionele-high-power-zaklamp/Programma/Full_TEST/Drivers/STM32F7xx_HAL_Driver/Inc" -I"C:/Users/troch/Documents/GitHub/Multifunctionele-high-power-zaklamp/Programma/Full_TEST/Drivers/STM32F7xx_HAL_Driver/Inc/Legacy" -I"C:/Users/troch/Documents/GitHub/Multifunctionele-high-power-zaklamp/Programma/Full_TEST/Drivers/CMSIS/Device/ST/STM32F7xx/Include" -I"C:/Users/troch/Documents/GitHub/Multifunctionele-high-power-zaklamp/Programma/Full_TEST/Drivers/CMSIS/Include"  -Og -g3 -Wall -fmessage-length=0 -ffunction-sections -c -fmessage-length=0 -MMD -MP -MF"Drivers/STM32F7xx_HAL_Driver/Src/stm32f7xx_hal_pwr_ex.d" -MT"Drivers/STM32F7xx_HAL_Driver/Src/stm32f7xx_hal_pwr_ex.o" -o "Drivers/STM32F7xx_HAL_Driver/Src/stm32f7xx_hal_pwr_ex.o" "../Drivers/STM32F7xx_HAL_Driver/Src/stm32f7xx_hal_pwr_ex.c"
Finished building: ../Drivers/STM32F7xx_HAL_Driver/Src/stm32f7xx_hal_dma.c
Finished building: ../Drivers/STM32F7xx_HAL_Driver/Src/stm32f7xx_hal_exti.c
Finished building: ../Drivers/STM32F7xx_HAL_Driver/Src/stm32f7xx_hal_cortex.c
 
 
Finished building: ../Drivers/STM32F7xx_HAL_Driver/Src/stm32f7xx_hal.c
 
Finished building: ../Drivers/STM32F7xx_HAL_Driver/Src/stm32f7xx_hal_dma_ex.c
Building file: ../Drivers/STM32F7xx_HAL_Driver/Src/stm32f7xx_hal_rcc.c
Building file: ../Drivers/STM32F7xx_HAL_Driver/Src/stm32f7xx_hal_rcc_ex.c
 
 
Building file: ../Drivers/STM32F7xx_HAL_Driver/Src/stm32f7xx_hal_tim.c
Invoking: MCU GCC Compiler
Building file: ../Drivers/STM32F7xx_HAL_Driver/Src/stm32f7xx_hal_tim_ex.c
Invoking: MCU GCC Compiler
Invoking: MCU GCC Compiler
Building file: ../Core/Src/main.c
C:\Users\troch\Documents\GitHub\Multifunctionele-high-power-zaklamp\Programma\Full_TEST\Debug
Finished building: ../Drivers/STM32F7xx_HAL_Driver/Src/stm32f7xx_hal_i2c_ex.c
arm-none-eabi-gcc -mcpu=cortex-m7 -mthumb -mfloat-abi=hard -mfpu=fpv5-sp-d16 -DUSE_HAL_DRIVER -DSTM32F746xx -I"C:/Users/troch/Documents/GitHub/Multifunctionele-high-power-zaklamp/Programma/Full_TEST/Core/Inc" -I"C:/Users/troch/Documents/GitHub/Multifunctionele-high-power-zaklamp/Programma/Full_TEST/Drivers/STM32F7xx_HAL_Driver/Inc" -I"C:/Users/troch/Documents/GitHub/Multifunctionele-high-power-zaklamp/Programma/Full_TEST/Drivers/STM32F7xx_HAL_Driver/Inc/Legacy" -I"C:/Users/troch/Documents/GitHub/Multifunctionele-high-power-zaklamp/Programma/Full_TEST/Drivers/CMSIS/Device/ST/STM32F7xx/Include" -I"C:/Users/troch/Documents/GitHub/Multifunctionele-high-power-zaklamp/Programma/Full_TEST/Drivers/CMSIS/Include"  -Og -g3 -Wall -fmessage-length=0 -ffunction-sections -c -fmessage-length=0 -MMD -MP -MF"Drivers/STM32F7xx_HAL_Driver/Src/stm32f7xx_hal_rcc.d" -MT"Drivers/STM32F7xx_HAL_Driver/Src/stm32f7xx_hal_rcc.o" -o "Drivers/STM32F7xx_HAL_Driver/Src/stm32f7xx_hal_rcc.o" "../Drivers/STM32F7xx_HAL_Driver/Src/stm32f7xx_hal_rcc.c"
C:\Users\troch\Documents\GitHub\Multifunctionele-high-power-zaklamp\Programma\Full_TEST\Debug
Invoking: MCU GCC Compiler
arm-none-eabi-gcc -mcpu=cortex-m7 -mthumb -mfloat-abi=hard -mfpu=fpv5-sp-d16 -DUSE_HAL_DRIVER -DSTM32F746xx -I"C:/Users/troch/Documents/GitHub/Multifunctionele-high-power-zaklamp/Programma/Full_TEST/Core/Inc" -I"C:/Users/troch/Documents/GitHub/Multifunctionele-high-power-zaklamp/Programma/Full_TEST/Drivers/STM32F7xx_HAL_Driver/Inc" -I"C:/Users/troch/Documents/GitHub/Multifunctionele-high-power-zaklamp/Programma/Full_TEST/Drivers/STM32F7xx_HAL_Driver/Inc/Legacy" -I"C:/Users/troch/Documents/GitHub/Multifunctionele-high-power-zaklamp/Programma/Full_TEST/Drivers/CMSIS/Device/ST/STM32F7xx/Include" -I"C:/Users/troch/Documents/GitHub/Multifunctionele-high-power-zaklamp/Programma/Full_TEST/Drivers/CMSIS/Include"  -Og -g3 -Wall -fmessage-length=0 -ffunction-sections -c -fmessage-length=0 -MMD -MP -MF"Drivers/STM32F7xx_HAL_Driver/Src/stm32f7xx_hal_rcc_ex.d" -MT"Drivers/STM32F7xx_HAL_Driver/Src/stm32f7xx_hal_rcc_ex.o" -o "Drivers/STM32F7xx_HAL_Driver/Src/stm32f7xx_hal_rcc_ex.o" "../Drivers/STM32F7xx_HAL_Driver/Src/stm32f7xx_hal_rcc_ex.c"
Finished building: ../Drivers/STM32F7xx_HAL_Driver/Src/stm32f7xx_hal_flash.c
C:\Users\troch\Documents\GitHub\Multifunctionele-high-power-zaklamp\Programma\Full_TEST\Debug
Invoking: MCU GCC Compiler
arm-none-eabi-gcc -mcpu=cortex-m7 -mthumb -mfloat-abi=hard -mfpu=fpv5-sp-d16 -DUSE_HAL_DRIVER -DSTM32F746xx -I"C:/Users/troch/Documents/GitHub/Multifunctionele-high-power-zaklamp/Programma/Full_TEST/Core/Inc" -I"C:/Users/troch/Documents/GitHub/Multifunctionele-high-power-zaklamp/Programma/Full_TEST/Drivers/STM32F7xx_HAL_Driver/Inc" -I"C:/Users/troch/Documents/GitHub/Multifunctionele-high-power-zaklamp/Programma/Full_TEST/Drivers/STM32F7xx_HAL_Driver/Inc/Legacy" -I"C:/Users/troch/Documents/GitHub/Multifunctionele-high-power-zaklamp/Programma/Full_TEST/Drivers/CMSIS/Device/ST/STM32F7xx/Include" -I"C:/Users/troch/Documents/GitHub/Multifunctionele-high-power-zaklamp/Programma/Full_TEST/Drivers/CMSIS/Include"  -Og -g3 -Wall -fmessage-length=0 -ffunction-sections -c -fmessage-length=0 -MMD -MP -MF"Drivers/STM32F7xx_HAL_Driver/Src/stm32f7xx_hal_tim.d" -MT"Drivers/STM32F7xx_HAL_Driver/Src/stm32f7xx_hal_tim.o" -o "Drivers/STM32F7xx_HAL_Driver/Src/stm32f7xx_hal_tim.o" "../Drivers/STM32F7xx_HAL_Driver/Src/stm32f7xx_hal_tim.c"
 
 
C:\Users\troch\Documents\GitHub\Multifunctionele-high-power-zaklamp\Programma\Full_TEST\Debug
arm-none-eabi-gcc -mcpu=cortex-m7 -mthumb -mfloat-abi=hard -mfpu=fpv5-sp-d16 -DUSE_HAL_DRIVER -DSTM32F746xx -I"C:/Users/troch/Documents/GitHub/Multifunctionele-high-power-zaklamp/Programma/Full_TEST/Core/Inc" -I"C:/Users/troch/Documents/GitHub/Multifunctionele-high-power-zaklamp/Programma/Full_TEST/Drivers/STM32F7xx_HAL_Driver/Inc" -I"C:/Users/troch/Documents/GitHub/Multifunctionele-high-power-zaklamp/Programma/Full_TEST/Drivers/STM32F7xx_HAL_Driver/Inc/Legacy" -I"C:/Users/troch/Documents/GitHub/Multifunctionele-high-power-zaklamp/Programma/Full_TEST/Drivers/CMSIS/Device/ST/STM32F7xx/Include" -I"C:/Users/troch/Documents/GitHub/Multifunctionele-high-power-zaklamp/Programma/Full_TEST/Drivers/CMSIS/Include"  -Og -g3 -Wall -fmessage-length=0 -ffunction-sections -c -fmessage-length=0 -MMD -MP -MF"Drivers/STM32F7xx_HAL_Driver/Src/stm32f7xx_hal_tim_ex.d" -MT"Drivers/STM32F7xx_HAL_Driver/Src/stm32f7xx_hal_tim_ex.o" -o "Drivers/STM32F7xx_HAL_Driver/Src/stm32f7xx_hal_tim_ex.o" "../Drivers/STM32F7xx_HAL_Driver/Src/stm32f7xx_hal_tim_ex.c"
C:\Users\troch\Documents\GitHub\Multifunctionele-high-power-zaklamp\Programma\Full_TEST\Debug
Building file: ../Core/Src/stm32f7xx_hal_msp.c
Finished building: ../Drivers/STM32F7xx_HAL_Driver/Src/stm32f7xx_hal_gpio.c
arm-none-eabi-gcc -mcpu=cortex-m7 -mthumb -mfloat-abi=hard -mfpu=fpv5-sp-d16 -DUSE_HAL_DRIVER -DSTM32F746xx -I"C:/Users/troch/Documents/GitHub/Multifunctionele-high-power-zaklamp/Programma/Full_TEST/Core/Inc" -I"C:/Users/troch/Documents/GitHub/Multifunctionele-high-power-zaklamp/Programma/Full_TEST/Drivers/STM32F7xx_HAL_Driver/Inc" -I"C:/Users/troch/Documents/GitHub/Multifunctionele-high-power-zaklamp/Programma/Full_TEST/Drivers/STM32F7xx_HAL_Driver/Inc/Legacy" -I"C:/Users/troch/Documents/GitHub/Multifunctionele-high-power-zaklamp/Programma/Full_TEST/Drivers/CMSIS/Device/ST/STM32F7xx/Include" -I"C:/Users/troch/Documents/GitHub/Multifunctionele-high-power-zaklamp/Programma/Full_TEST/Drivers/CMSIS/Include"  -Og -g3 -Wall -fmessage-length=0 -ffunction-sections -c -fmessage-length=0 -MMD -MP -MF"Core/Src/main.d" -MT"Core/Src/main.o" -o "Core/Src/main.o" "../Core/Src/main.c"
Building file: ../Core/Src/stm32f7xx_it.c
 
Invoking: MCU GCC Compiler
Invoking: MCU GCC Compiler
Building file: ../Core/Src/syscalls.c
C:\Users\troch\Documents\GitHub\Multifunctionele-high-power-zaklamp\Programma\Full_TEST\Debug
C:\Users\troch\Documents\GitHub\Multifunctionele-high-power-zaklamp\Programma\Full_TEST\Debug
Finished building: ../Drivers/STM32F7xx_HAL_Driver/Src/stm32f7xx_hal_flash_ex.c
arm-none-eabi-gcc -mcpu=cortex-m7 -mthumb -mfloat-abi=hard -mfpu=fpv5-sp-d16 -DUSE_HAL_DRIVER -DSTM32F746xx -I"C:/Users/troch/Documents/GitHub/Multifunctionele-high-power-zaklamp/Programma/Full_TEST/Core/Inc" -I"C:/Users/troch/Documents/GitHub/Multifunctionele-high-power-zaklamp/Programma/Full_TEST/Drivers/STM32F7xx_HAL_Driver/Inc" -I"C:/Users/troch/Documents/GitHub/Multifunctionele-high-power-zaklamp/Programma/Full_TEST/Drivers/STM32F7xx_HAL_Driver/Inc/Legacy" -I"C:/Users/troch/Documents/GitHub/Multifunctionele-high-power-zaklamp/Programma/Full_TEST/Drivers/CMSIS/Device/ST/STM32F7xx/Include" -I"C:/Users/troch/Documents/GitHub/Multifunctionele-high-power-zaklamp/Programma/Full_TEST/Drivers/CMSIS/Include"  -Og -g3 -Wall -fmessage-length=0 -ffunction-sections -c -fmessage-length=0 -MMD -MP -MF"Core/Src/stm32f7xx_hal_msp.d" -MT"Core/Src/stm32f7xx_hal_msp.o" -o "Core/Src/stm32f7xx_hal_msp.o" "../Core/Src/stm32f7xx_hal_msp.c"
arm-none-eabi-gcc -mcpu=cortex-m7 -mthumb -mfloat-abi=hard -mfpu=fpv5-sp-d16 -DUSE_HAL_DRIVER -DSTM32F746xx -I"C:/Users/troch/Documents/GitHub/Multifunctionele-high-power-zaklamp/Programma/Full_TEST/Core/Inc" -I"C:/Users/troch/Documents/GitHub/Multifunctionele-high-power-zaklamp/Programma/Full_TEST/Drivers/STM32F7xx_HAL_Driver/Inc" -I"C:/Users/troch/Documents/GitHub/Multifunctionele-high-power-zaklamp/Programma/Full_TEST/Drivers/STM32F7xx_HAL_Driver/Inc/Legacy" -I"C:/Users/troch/Documents/GitHub/Multifunctionele-high-power-zaklamp/Programma/Full_TEST/Drivers/CMSIS/Device/ST/STM32F7xx/Include" -I"C:/Users/troch/Documents/GitHub/Multifunctionele-high-power-zaklamp/Programma/Full_TEST/Drivers/CMSIS/Include"  -Og -g3 -Wall -fmessage-length=0 -ffunction-sections -c -fmessage-length=0 -MMD -MP -MF"Core/Src/stm32f7xx_it.d" -MT"Core/Src/stm32f7xx_it.o" -o "Core/Src/stm32f7xx_it.o" "../Core/Src/stm32f7xx_it.c"
Invoking: MCU GCC Compiler
 
C:\Users\troch\Documents\GitHub\Multifunctionele-high-power-zaklamp\Programma\Full_TEST\Debug
Building file: ../Core/Src/system_stm32f7xx.c
arm-none-eabi-gcc -mcpu=cortex-m7 -mthumb -mfloat-abi=hard -mfpu=fpv5-sp-d16 -DUSE_HAL_DRIVER -DSTM32F746xx -I"C:/Users/troch/Documents/GitHub/Multifunctionele-high-power-zaklamp/Programma/Full_TEST/Core/Inc" -I"C:/Users/troch/Documents/GitHub/Multifunctionele-high-power-zaklamp/Programma/Full_TEST/Drivers/STM32F7xx_HAL_Driver/Inc" -I"C:/Users/troch/Documents/GitHub/Multifunctionele-high-power-zaklamp/Programma/Full_TEST/Drivers/STM32F7xx_HAL_Driver/Inc/Legacy" -I"C:/Users/troch/Documents/GitHub/Multifunctionele-high-power-zaklamp/Programma/Full_TEST/Drivers/CMSIS/Device/ST/STM32F7xx/Include" -I"C:/Users/troch/Documents/GitHub/Multifunctionele-high-power-zaklamp/Programma/Full_TEST/Drivers/CMSIS/Include"  -Og -g3 -Wall -fmessage-length=0 -ffunction-sections -c -fmessage-length=0 -MMD -MP -MF"Core/Src/syscalls.d" -MT"Core/Src/syscalls.o" -o "Core/Src/syscalls.o" "../Core/Src/syscalls.c"
Finished building: ../Drivers/STM32F7xx_HAL_Driver/Src/stm32f7xx_hal_pwr.c
Invoking: MCU GCC Compiler
 
C:\Users\troch\Documents\GitHub\Multifunctionele-high-power-zaklamp\Programma\Full_TEST\Debug
arm-none-eabi-gcc -mcpu=cortex-m7 -mthumb -mfloat-abi=hard -mfpu=fpv5-sp-d16 -DUSE_HAL_DRIVER -DSTM32F746xx -I"C:/Users/troch/Documents/GitHub/Multifunctionele-high-power-zaklamp/Programma/Full_TEST/Core/Inc" -I"C:/Users/troch/Documents/GitHub/Multifunctionele-high-power-zaklamp/Programma/Full_TEST/Drivers/STM32F7xx_HAL_Driver/Inc" -I"C:/Users/troch/Documents/GitHub/Multifunctionele-high-power-zaklamp/Programma/Full_TEST/Drivers/STM32F7xx_HAL_Driver/Inc/Legacy" -I"C:/Users/troch/Documents/GitHub/Multifunctionele-high-power-zaklamp/Programma/Full_TEST/Drivers/CMSIS/Device/ST/STM32F7xx/Include" -I"C:/Users/troch/Documents/GitHub/Multifunctionele-high-power-zaklamp/Programma/Full_TEST/Drivers/CMSIS/Include"  -Og -g3 -Wall -fmessage-length=0 -ffunction-sections -c -fmessage-length=0 -MMD -MP -MF"Core/Src/system_stm32f7xx.d" -MT"Core/Src/system_stm32f7xx.o" -o "Core/Src/system_stm32f7xx.o" "../Core/Src/system_stm32f7xx.c"
Finished building: ../Drivers/STM32F7xx_HAL_Driver/Src/stm32f7xx_hal_pwr_ex.c
 
Finished building: ../Drivers/STM32F7xx_HAL_Driver/Src/stm32f7xx_hal_i2c.c
 
Finished building: ../Core/Src/syscalls.c
Finished building: ../Drivers/STM32F7xx_HAL_Driver/Src/stm32f7xx_hal_tim.c
 
 
Finished building: ../Drivers/STM32F7xx_HAL_Driver/Src/stm32f7xx_hal_tim_ex.c
Finished building: ../Core/Src/main.c
 
 
Finished building: ../Drivers/STM32F7xx_HAL_Driver/Src/stm32f7xx_hal_rcc.c
 
Finished building: ../Drivers/STM32F7xx_HAL_Driver/Src/stm32f7xx_hal_rcc_ex.c
 
Finished building: ../Core/Src/stm32f7xx_hal_msp.c
 
Finished building: ../Core/Src/stm32f7xx_it.c
 
Finished building: ../Core/Src/system_stm32f7xx.c
 
Building target: Full_TEST.elf
Invoking: MCU GCC Linker
arm-none-eabi-gcc -mcpu=cortex-m7 -mthumb -mfloat-abi=hard -mfpu=fpv5-sp-d16 -specs=nosys.specs -specs=nano.specs -T"../STM32F746NGHx_FLASH.ld" -Wl,-Map=output.map -Wl,--gc-sections -o "Full_TEST.elf" @"objects.list"   -lm
Finished building target: Full_TEST.elf
 
make --no-print-directory post-build
Generating hex and Printing size information:
arm-none-eabi-objcopy -O ihex "Full_TEST.elf" "Full_TEST.hex"
arm-none-eabi-size "Full_TEST.elf"
   text	   data	    bss	    dec	    hex	filename
   4512	     20	   1572	   6104	   17d8	Full_TEST.elf
 
14:00:12 **** Incremental Build of configuration Debug for project Full_TEST ****
make -j12 all 
make: Nothing to be done for 'all'.
14:00:19 **** Incremental Build of configuration Debug for project Full_TEST ****
make -j12 all 
make: Nothing to be done for 'all'.
