16:40:06 **** Incremental Build of configuration Debug for project Full_TEST ****
make -j12 all 
Building file: ../Core/Src/Morse.c
Invoking: MCU GCC Compiler
C:\Users\troch\Documents\GitHub\Multifunctionele-high-power-zaklamp\Programma\Full_TEST\Debug
arm-none-eabi-gcc -mcpu=cortex-m7 -mthumb -mfloat-abi=hard -mfpu=fpv5-sp-d16 -DUSE_HAL_DRIVER -DSTM32F746xx -I"C:/Users/troch/Documents/GitHub/Multifunctionele-high-power-zaklamp/Programma/Full_TEST/Core/Inc" -I"C:/Users/troch/Documents/GitHub/Multifunctionele-high-power-zaklamp/Programma/Full_TEST/Drivers/STM32F7xx_HAL_Driver/Inc" -I"C:/Users/troch/Documents/GitHub/Multifunctionele-high-power-zaklamp/Programma/Full_TEST/Drivers/STM32F7xx_HAL_Driver/Inc/Legacy" -I"C:/Users/troch/Documents/GitHub/Multifunctionele-high-power-zaklamp/Programma/Full_TEST/Drivers/CMSIS/Device/ST/STM32F7xx/Include" -I"C:/Users/troch/Documents/GitHub/Multifunctionele-high-power-zaklamp/Programma/Full_TEST/Drivers/CMSIS/Include"  -Og -g3 -Wall -fmessage-length=0 -ffunction-sections -c -fmessage-length=0 -MMD -MP -MF"Core/Src/Morse.d" -MT"Core/Src/Morse.o" -o "Core/Src/Morse.o" "../Core/Src/Morse.c"
Finished building: ../Core/Src/Morse.c
 
Building target: Full_TEST.elf
Invoking: MCU GCC Linker
arm-none-eabi-gcc -mcpu=cortex-m7 -mthumb -mfloat-abi=hard -mfpu=fpv5-sp-d16 -specs=nosys.specs -specs=nano.specs -T"../STM32F746NGHx_FLASH.ld" -Wl,-Map=output.map -Wl,--gc-sections -o "Full_TEST.elf" @"objects.list"   -lm
Finished building target: Full_TEST.elf
 
make --no-print-directory post-build
Generating hex and Printing size information:
arm-none-eabi-objcopy -O ihex "Full_TEST.elf" "Full_TEST.hex"
arm-none-eabi-size "Full_TEST.elf"
   text	   data	    bss	    dec	    hex	filename
  10360	     20	   1916	  12296	   3008	Full_TEST.elf
 
16:41:28 **** Incremental Build of configuration Debug for project Full_TEST ****
make -j12 all 
make: Nothing to be done for 'all'.
16:46:57 **** Incremental Build of configuration Debug for project Full_TEST ****
make -j12 all 
Building file: ../Core/Src/Morse.c
Invoking: MCU GCC Compiler
C:\Users\troch\Documents\GitHub\Multifunctionele-high-power-zaklamp\Programma\Full_TEST\Debug
arm-none-eabi-gcc -mcpu=cortex-m7 -mthumb -mfloat-abi=hard -mfpu=fpv5-sp-d16 -DUSE_HAL_DRIVER -DSTM32F746xx -I"C:/Users/troch/Documents/GitHub/Multifunctionele-high-power-zaklamp/Programma/Full_TEST/Core/Inc" -I"C:/Users/troch/Documents/GitHub/Multifunctionele-high-power-zaklamp/Programma/Full_TEST/Drivers/STM32F7xx_HAL_Driver/Inc" -I"C:/Users/troch/Documents/GitHub/Multifunctionele-high-power-zaklamp/Programma/Full_TEST/Drivers/STM32F7xx_HAL_Driver/Inc/Legacy" -I"C:/Users/troch/Documents/GitHub/Multifunctionele-high-power-zaklamp/Programma/Full_TEST/Drivers/CMSIS/Device/ST/STM32F7xx/Include" -I"C:/Users/troch/Documents/GitHub/Multifunctionele-high-power-zaklamp/Programma/Full_TEST/Drivers/CMSIS/Include"  -Og -g3 -Wall -fmessage-length=0 -ffunction-sections -c -fmessage-length=0 -MMD -MP -MF"Core/Src/Morse.d" -MT"Core/Src/Morse.o" -o "Core/Src/Morse.o" "../Core/Src/Morse.c"
Finished building: ../Core/Src/Morse.c
 
Building target: Full_TEST.elf
Invoking: MCU GCC Linker
arm-none-eabi-gcc -mcpu=cortex-m7 -mthumb -mfloat-abi=hard -mfpu=fpv5-sp-d16 -specs=nosys.specs -specs=nano.specs -T"../STM32F746NGHx_FLASH.ld" -Wl,-Map=output.map -Wl,--gc-sections -o "Full_TEST.elf" @"objects.list"   -lm
Finished building target: Full_TEST.elf
 
make --no-print-directory post-build
Generating hex and Printing size information:
arm-none-eabi-objcopy -O ihex "Full_TEST.elf" "Full_TEST.hex"
arm-none-eabi-size "Full_TEST.elf"
   text	   data	    bss	    dec	    hex	filename
  11192	     20	   1916	  13128	   3348	Full_TEST.elf
 
16:47:38 **** Incremental Build of configuration Debug for project Full_TEST ****
make -j12 all 
Building file: ../Core/Src/Morse.c
Invoking: MCU GCC Compiler
C:\Users\troch\Documents\GitHub\Multifunctionele-high-power-zaklamp\Programma\Full_TEST\Debug
arm-none-eabi-gcc -mcpu=cortex-m7 -mthumb -mfloat-abi=hard -mfpu=fpv5-sp-d16 -DUSE_HAL_DRIVER -DSTM32F746xx -I"C:/Users/troch/Documents/GitHub/Multifunctionele-high-power-zaklamp/Programma/Full_TEST/Core/Inc" -I"C:/Users/troch/Documents/GitHub/Multifunctionele-high-power-zaklamp/Programma/Full_TEST/Drivers/STM32F7xx_HAL_Driver/Inc" -I"C:/Users/troch/Documents/GitHub/Multifunctionele-high-power-zaklamp/Programma/Full_TEST/Drivers/STM32F7xx_HAL_Driver/Inc/Legacy" -I"C:/Users/troch/Documents/GitHub/Multifunctionele-high-power-zaklamp/Programma/Full_TEST/Drivers/CMSIS/Device/ST/STM32F7xx/Include" -I"C:/Users/troch/Documents/GitHub/Multifunctionele-high-power-zaklamp/Programma/Full_TEST/Drivers/CMSIS/Include"  -Og -g3 -Wall -fmessage-length=0 -ffunction-sections -c -fmessage-length=0 -MMD -MP -MF"Core/Src/Morse.d" -MT"Core/Src/Morse.o" -o "Core/Src/Morse.o" "../Core/Src/Morse.c"
Finished building: ../Core/Src/Morse.c
 
Building target: Full_TEST.elf
Invoking: MCU GCC Linker
arm-none-eabi-gcc -mcpu=cortex-m7 -mthumb -mfloat-abi=hard -mfpu=fpv5-sp-d16 -specs=nosys.specs -specs=nano.specs -T"../STM32F746NGHx_FLASH.ld" -Wl,-Map=output.map -Wl,--gc-sections -o "Full_TEST.elf" @"objects.list"   -lm
Finished building target: Full_TEST.elf
 
make --no-print-directory post-build
Generating hex and Printing size information:
arm-none-eabi-objcopy -O ihex "Full_TEST.elf" "Full_TEST.hex"
arm-none-eabi-size "Full_TEST.elf"
   text	   data	    bss	    dec	    hex	filename
  11192	     20	   1916	  13128	   3348	Full_TEST.elf
 
16:48:21 **** Incremental Build of configuration Debug for project Full_TEST ****
make -j12 all 
Building file: ../Core/Src/Morse.c
Invoking: MCU GCC Compiler
C:\Users\troch\Documents\GitHub\Multifunctionele-high-power-zaklamp\Programma\Full_TEST\Debug
arm-none-eabi-gcc -mcpu=cortex-m7 -mthumb -mfloat-abi=hard -mfpu=fpv5-sp-d16 -DUSE_HAL_DRIVER -DSTM32F746xx -I"C:/Users/troch/Documents/GitHub/Multifunctionele-high-power-zaklamp/Programma/Full_TEST/Core/Inc" -I"C:/Users/troch/Documents/GitHub/Multifunctionele-high-power-zaklamp/Programma/Full_TEST/Drivers/STM32F7xx_HAL_Driver/Inc" -I"C:/Users/troch/Documents/GitHub/Multifunctionele-high-power-zaklamp/Programma/Full_TEST/Drivers/STM32F7xx_HAL_Driver/Inc/Legacy" -I"C:/Users/troch/Documents/GitHub/Multifunctionele-high-power-zaklamp/Programma/Full_TEST/Drivers/CMSIS/Device/ST/STM32F7xx/Include" -I"C:/Users/troch/Documents/GitHub/Multifunctionele-high-power-zaklamp/Programma/Full_TEST/Drivers/CMSIS/Include"  -Og -g3 -Wall -fmessage-length=0 -ffunction-sections -c -fmessage-length=0 -MMD -MP -MF"Core/Src/Morse.d" -MT"Core/Src/Morse.o" -o "Core/Src/Morse.o" "../Core/Src/Morse.c"
Finished building: ../Core/Src/Morse.c
 
Building target: Full_TEST.elf
Invoking: MCU GCC Linker
arm-none-eabi-gcc -mcpu=cortex-m7 -mthumb -mfloat-abi=hard -mfpu=fpv5-sp-d16 -specs=nosys.specs -specs=nano.specs -T"../STM32F746NGHx_FLASH.ld" -Wl,-Map=output.map -Wl,--gc-sections -o "Full_TEST.elf" @"objects.list"   -lm
Finished building target: Full_TEST.elf
 
make --no-print-directory post-build
Generating hex and Printing size information:
arm-none-eabi-objcopy -O ihex "Full_TEST.elf" "Full_TEST.hex"
arm-none-eabi-size "Full_TEST.elf"
   text	   data	    bss	    dec	    hex	filename
  10820	     20	   1916	  12756	   31d4	Full_TEST.elf
 
16:49:04 **** Incremental Build of configuration Debug for project Full_TEST ****
make -j12 all 
Building file: ../Core/Src/Morse.c
Invoking: MCU GCC Compiler
C:\Users\troch\Documents\GitHub\Multifunctionele-high-power-zaklamp\Programma\Full_TEST\Debug
arm-none-eabi-gcc -mcpu=cortex-m7 -mthumb -mfloat-abi=hard -mfpu=fpv5-sp-d16 -DUSE_HAL_DRIVER -DSTM32F746xx -I"C:/Users/troch/Documents/GitHub/Multifunctionele-high-power-zaklamp/Programma/Full_TEST/Core/Inc" -I"C:/Users/troch/Documents/GitHub/Multifunctionele-high-power-zaklamp/Programma/Full_TEST/Drivers/STM32F7xx_HAL_Driver/Inc" -I"C:/Users/troch/Documents/GitHub/Multifunctionele-high-power-zaklamp/Programma/Full_TEST/Drivers/STM32F7xx_HAL_Driver/Inc/Legacy" -I"C:/Users/troch/Documents/GitHub/Multifunctionele-high-power-zaklamp/Programma/Full_TEST/Drivers/CMSIS/Device/ST/STM32F7xx/Include" -I"C:/Users/troch/Documents/GitHub/Multifunctionele-high-power-zaklamp/Programma/Full_TEST/Drivers/CMSIS/Include"  -Og -g3 -Wall -fmessage-length=0 -ffunction-sections -c -fmessage-length=0 -MMD -MP -MF"Core/Src/Morse.d" -MT"Core/Src/Morse.o" -o "Core/Src/Morse.o" "../Core/Src/Morse.c"
../Core/Src/Morse.c: In function 'vMorseSend':
../Core/Src/Morse.c:146:36: error: expected expression before '>' token
  for(uint8_t i = (lenght - 1) ; i => 0; i--)
                                    ^
Core/Src/subdir.mk:33: recipe for target 'Core/Src/Morse.o' failed
make: *** [Core/Src/Morse.o] Error 1
16:49:15 **** Incremental Build of configuration Debug for project Full_TEST ****
make -j12 all 
Building file: ../Core/Src/Morse.c
Invoking: MCU GCC Compiler
C:\Users\troch\Documents\GitHub\Multifunctionele-high-power-zaklamp\Programma\Full_TEST\Debug
arm-none-eabi-gcc -mcpu=cortex-m7 -mthumb -mfloat-abi=hard -mfpu=fpv5-sp-d16 -DUSE_HAL_DRIVER -DSTM32F746xx -I"C:/Users/troch/Documents/GitHub/Multifunctionele-high-power-zaklamp/Programma/Full_TEST/Core/Inc" -I"C:/Users/troch/Documents/GitHub/Multifunctionele-high-power-zaklamp/Programma/Full_TEST/Drivers/STM32F7xx_HAL_Driver/Inc" -I"C:/Users/troch/Documents/GitHub/Multifunctionele-high-power-zaklamp/Programma/Full_TEST/Drivers/STM32F7xx_HAL_Driver/Inc/Legacy" -I"C:/Users/troch/Documents/GitHub/Multifunctionele-high-power-zaklamp/Programma/Full_TEST/Drivers/CMSIS/Device/ST/STM32F7xx/Include" -I"C:/Users/troch/Documents/GitHub/Multifunctionele-high-power-zaklamp/Programma/Full_TEST/Drivers/CMSIS/Include"  -Og -g3 -Wall -fmessage-length=0 -ffunction-sections -c -fmessage-length=0 -MMD -MP -MF"Core/Src/Morse.d" -MT"Core/Src/Morse.o" -o "Core/Src/Morse.o" "../Core/Src/Morse.c"
Finished building: ../Core/Src/Morse.c
 
Building target: Full_TEST.elf
Invoking: MCU GCC Linker
arm-none-eabi-gcc -mcpu=cortex-m7 -mthumb -mfloat-abi=hard -mfpu=fpv5-sp-d16 -specs=nosys.specs -specs=nano.specs -T"../STM32F746NGHx_FLASH.ld" -Wl,-Map=output.map -Wl,--gc-sections -o "Full_TEST.elf" @"objects.list"   -lm
Finished building target: Full_TEST.elf
 
make --no-print-directory post-build
Generating hex and Printing size information:
arm-none-eabi-objcopy -O ihex "Full_TEST.elf" "Full_TEST.hex"
arm-none-eabi-size "Full_TEST.elf"
   text	   data	    bss	    dec	    hex	filename
  10820	     20	   1916	  12756	   31d4	Full_TEST.elf
 
16:49:47 **** Incremental Build of configuration Debug for project Full_TEST ****
make -j12 all 
Building file: ../Core/Src/Morse.c
Invoking: MCU GCC Compiler
C:\Users\troch\Documents\GitHub\Multifunctionele-high-power-zaklamp\Programma\Full_TEST\Debug
arm-none-eabi-gcc -mcpu=cortex-m7 -mthumb -mfloat-abi=hard -mfpu=fpv5-sp-d16 -DUSE_HAL_DRIVER -DSTM32F746xx -I"C:/Users/troch/Documents/GitHub/Multifunctionele-high-power-zaklamp/Programma/Full_TEST/Core/Inc" -I"C:/Users/troch/Documents/GitHub/Multifunctionele-high-power-zaklamp/Programma/Full_TEST/Drivers/STM32F7xx_HAL_Driver/Inc" -I"C:/Users/troch/Documents/GitHub/Multifunctionele-high-power-zaklamp/Programma/Full_TEST/Drivers/STM32F7xx_HAL_Driver/Inc/Legacy" -I"C:/Users/troch/Documents/GitHub/Multifunctionele-high-power-zaklamp/Programma/Full_TEST/Drivers/CMSIS/Device/ST/STM32F7xx/Include" -I"C:/Users/troch/Documents/GitHub/Multifunctionele-high-power-zaklamp/Programma/Full_TEST/Drivers/CMSIS/Include"  -Og -g3 -Wall -fmessage-length=0 -ffunction-sections -c -fmessage-length=0 -MMD -MP -MF"Core/Src/Morse.d" -MT"Core/Src/Morse.o" -o "Core/Src/Morse.o" "../Core/Src/Morse.c"
Finished building: ../Core/Src/Morse.c
 
Building target: Full_TEST.elf
Invoking: MCU GCC Linker
arm-none-eabi-gcc -mcpu=cortex-m7 -mthumb -mfloat-abi=hard -mfpu=fpv5-sp-d16 -specs=nosys.specs -specs=nano.specs -T"../STM32F746NGHx_FLASH.ld" -Wl,-Map=output.map -Wl,--gc-sections -o "Full_TEST.elf" @"objects.list"   -lm
Finished building target: Full_TEST.elf
 
make --no-print-directory post-build
Generating hex and Printing size information:
arm-none-eabi-objcopy -O ihex "Full_TEST.elf" "Full_TEST.hex"
arm-none-eabi-size "Full_TEST.elf"
   text	   data	    bss	    dec	    hex	filename
  11188	     20	   1916	  13124	   3344	Full_TEST.elf
 
16:56:42 **** Incremental Build of configuration Debug for project Full_TEST ****
make -j12 all 
Building file: ../Core/Src/Morse.c
Invoking: MCU GCC Compiler
C:\Users\troch\Documents\GitHub\Multifunctionele-high-power-zaklamp\Programma\Full_TEST\Debug
arm-none-eabi-gcc -mcpu=cortex-m7 -mthumb -mfloat-abi=hard -mfpu=fpv5-sp-d16 -DUSE_HAL_DRIVER -DSTM32F746xx -I"C:/Users/troch/Documents/GitHub/Multifunctionele-high-power-zaklamp/Programma/Full_TEST/Core/Inc" -I"C:/Users/troch/Documents/GitHub/Multifunctionele-high-power-zaklamp/Programma/Full_TEST/Drivers/STM32F7xx_HAL_Driver/Inc" -I"C:/Users/troch/Documents/GitHub/Multifunctionele-high-power-zaklamp/Programma/Full_TEST/Drivers/STM32F7xx_HAL_Driver/Inc/Legacy" -I"C:/Users/troch/Documents/GitHub/Multifunctionele-high-power-zaklamp/Programma/Full_TEST/Drivers/CMSIS/Device/ST/STM32F7xx/Include" -I"C:/Users/troch/Documents/GitHub/Multifunctionele-high-power-zaklamp/Programma/Full_TEST/Drivers/CMSIS/Include"  -Og -g3 -Wall -fmessage-length=0 -ffunction-sections -c -fmessage-length=0 -MMD -MP -MF"Core/Src/Morse.d" -MT"Core/Src/Morse.o" -o "Core/Src/Morse.o" "../Core/Src/Morse.c"
Finished building: ../Core/Src/Morse.c
 
Building target: Full_TEST.elf
Invoking: MCU GCC Linker
arm-none-eabi-gcc -mcpu=cortex-m7 -mthumb -mfloat-abi=hard -mfpu=fpv5-sp-d16 -specs=nosys.specs -specs=nano.specs -T"../STM32F746NGHx_FLASH.ld" -Wl,-Map=output.map -Wl,--gc-sections -o "Full_TEST.elf" @"objects.list"   -lm
Finished building target: Full_TEST.elf
 
make --no-print-directory post-build
Generating hex and Printing size information:
arm-none-eabi-objcopy -O ihex "Full_TEST.elf" "Full_TEST.hex"
arm-none-eabi-size "Full_TEST.elf"
   text	   data	    bss	    dec	    hex	filename
  11192	     20	   1916	  13128	   3348	Full_TEST.elf
 
16:57:05 **** Incremental Build of configuration Debug for project Full_TEST ****
make -j12 all 
Building file: ../Core/Src/Morse.c
Invoking: MCU GCC Compiler
C:\Users\troch\Documents\GitHub\Multifunctionele-high-power-zaklamp\Programma\Full_TEST\Debug
arm-none-eabi-gcc -mcpu=cortex-m7 -mthumb -mfloat-abi=hard -mfpu=fpv5-sp-d16 -DUSE_HAL_DRIVER -DSTM32F746xx -I"C:/Users/troch/Documents/GitHub/Multifunctionele-high-power-zaklamp/Programma/Full_TEST/Core/Inc" -I"C:/Users/troch/Documents/GitHub/Multifunctionele-high-power-zaklamp/Programma/Full_TEST/Drivers/STM32F7xx_HAL_Driver/Inc" -I"C:/Users/troch/Documents/GitHub/Multifunctionele-high-power-zaklamp/Programma/Full_TEST/Drivers/STM32F7xx_HAL_Driver/Inc/Legacy" -I"C:/Users/troch/Documents/GitHub/Multifunctionele-high-power-zaklamp/Programma/Full_TEST/Drivers/CMSIS/Device/ST/STM32F7xx/Include" -I"C:/Users/troch/Documents/GitHub/Multifunctionele-high-power-zaklamp/Programma/Full_TEST/Drivers/CMSIS/Include"  -Og -g3 -Wall -fmessage-length=0 -ffunction-sections -c -fmessage-length=0 -MMD -MP -MF"Core/Src/Morse.d" -MT"Core/Src/Morse.o" -o "Core/Src/Morse.o" "../Core/Src/Morse.c"
Finished building: ../Core/Src/Morse.c
 
Building target: Full_TEST.elf
Invoking: MCU GCC Linker
arm-none-eabi-gcc -mcpu=cortex-m7 -mthumb -mfloat-abi=hard -mfpu=fpv5-sp-d16 -specs=nosys.specs -specs=nano.specs -T"../STM32F746NGHx_FLASH.ld" -Wl,-Map=output.map -Wl,--gc-sections -o "Full_TEST.elf" @"objects.list"   -lm
Finished building target: Full_TEST.elf
 
make --no-print-directory post-build
Generating hex and Printing size information:
arm-none-eabi-objcopy -O ihex "Full_TEST.elf" "Full_TEST.hex"
arm-none-eabi-size "Full_TEST.elf"
   text	   data	    bss	    dec	    hex	filename
  11200	     20	   1916	  13136	   3350	Full_TEST.elf
 
16:57:27 **** Incremental Build of configuration Debug for project Full_TEST ****
make -j12 all 
Building file: ../Core/Src/Morse.c
Invoking: MCU GCC Compiler
C:\Users\troch\Documents\GitHub\Multifunctionele-high-power-zaklamp\Programma\Full_TEST\Debug
arm-none-eabi-gcc -mcpu=cortex-m7 -mthumb -mfloat-abi=hard -mfpu=fpv5-sp-d16 -DUSE_HAL_DRIVER -DSTM32F746xx -I"C:/Users/troch/Documents/GitHub/Multifunctionele-high-power-zaklamp/Programma/Full_TEST/Core/Inc" -I"C:/Users/troch/Documents/GitHub/Multifunctionele-high-power-zaklamp/Programma/Full_TEST/Drivers/STM32F7xx_HAL_Driver/Inc" -I"C:/Users/troch/Documents/GitHub/Multifunctionele-high-power-zaklamp/Programma/Full_TEST/Drivers/STM32F7xx_HAL_Driver/Inc/Legacy" -I"C:/Users/troch/Documents/GitHub/Multifunctionele-high-power-zaklamp/Programma/Full_TEST/Drivers/CMSIS/Device/ST/STM32F7xx/Include" -I"C:/Users/troch/Documents/GitHub/Multifunctionele-high-power-zaklamp/Programma/Full_TEST/Drivers/CMSIS/Include"  -Og -g3 -Wall -fmessage-length=0 -ffunction-sections -c -fmessage-length=0 -MMD -MP -MF"Core/Src/Morse.d" -MT"Core/Src/Morse.o" -o "Core/Src/Morse.o" "../Core/Src/Morse.c"
Finished building: ../Core/Src/Morse.c
 
Building target: Full_TEST.elf
Invoking: MCU GCC Linker
arm-none-eabi-gcc -mcpu=cortex-m7 -mthumb -mfloat-abi=hard -mfpu=fpv5-sp-d16 -specs=nosys.specs -specs=nano.specs -T"../STM32F746NGHx_FLASH.ld" -Wl,-Map=output.map -Wl,--gc-sections -o "Full_TEST.elf" @"objects.list"   -lm
Finished building target: Full_TEST.elf
 
make --no-print-directory post-build
Generating hex and Printing size information:
arm-none-eabi-objcopy -O ihex "Full_TEST.elf" "Full_TEST.hex"
arm-none-eabi-size "Full_TEST.elf"
   text	   data	    bss	    dec	    hex	filename
  11204	     20	   1916	  13140	   3354	Full_TEST.elf
 
17:01:35 **** Incremental Build of configuration Debug for project Full_TEST ****
make -j12 all 
Building file: ../Core/Src/main.c
Invoking: MCU GCC Compiler
C:\Users\troch\Documents\GitHub\Multifunctionele-high-power-zaklamp\Programma\Full_TEST\Debug
arm-none-eabi-gcc -mcpu=cortex-m7 -mthumb -mfloat-abi=hard -mfpu=fpv5-sp-d16 -DUSE_HAL_DRIVER -DSTM32F746xx -I"C:/Users/troch/Documents/GitHub/Multifunctionele-high-power-zaklamp/Programma/Full_TEST/Core/Inc" -I"C:/Users/troch/Documents/GitHub/Multifunctionele-high-power-zaklamp/Programma/Full_TEST/Drivers/STM32F7xx_HAL_Driver/Inc" -I"C:/Users/troch/Documents/GitHub/Multifunctionele-high-power-zaklamp/Programma/Full_TEST/Drivers/STM32F7xx_HAL_Driver/Inc/Legacy" -I"C:/Users/troch/Documents/GitHub/Multifunctionele-high-power-zaklamp/Programma/Full_TEST/Drivers/CMSIS/Device/ST/STM32F7xx/Include" -I"C:/Users/troch/Documents/GitHub/Multifunctionele-high-power-zaklamp/Programma/Full_TEST/Drivers/CMSIS/Include"  -Og -g3 -Wall -fmessage-length=0 -ffunction-sections -c -fmessage-length=0 -MMD -MP -MF"Core/Src/main.d" -MT"Core/Src/main.o" -o "Core/Src/main.o" "../Core/Src/main.c"
Finished building: ../Core/Src/main.c
 
Building target: Full_TEST.elf
Invoking: MCU GCC Linker
arm-none-eabi-gcc -mcpu=cortex-m7 -mthumb -mfloat-abi=hard -mfpu=fpv5-sp-d16 -specs=nosys.specs -specs=nano.specs -T"../STM32F746NGHx_FLASH.ld" -Wl,-Map=output.map -Wl,--gc-sections -o "Full_TEST.elf" @"objects.list"   -lm
Finished building target: Full_TEST.elf
 
make --no-print-directory post-build
Generating hex and Printing size information:
arm-none-eabi-objcopy -O ihex "Full_TEST.elf" "Full_TEST.hex"
arm-none-eabi-size "Full_TEST.elf"
   text	   data	    bss	    dec	    hex	filename
  11208	     20	   1916	  13144	   3358	Full_TEST.elf
 
17:02:42 **** Incremental Build of configuration Debug for project Full_TEST ****
make -j12 all 
Building file: ../Core/Src/main.c
Invoking: MCU GCC Compiler
C:\Users\troch\Documents\GitHub\Multifunctionele-high-power-zaklamp\Programma\Full_TEST\Debug
arm-none-eabi-gcc -mcpu=cortex-m7 -mthumb -mfloat-abi=hard -mfpu=fpv5-sp-d16 -DUSE_HAL_DRIVER -DSTM32F746xx -I"C:/Users/troch/Documents/GitHub/Multifunctionele-high-power-zaklamp/Programma/Full_TEST/Core/Inc" -I"C:/Users/troch/Documents/GitHub/Multifunctionele-high-power-zaklamp/Programma/Full_TEST/Drivers/STM32F7xx_HAL_Driver/Inc" -I"C:/Users/troch/Documents/GitHub/Multifunctionele-high-power-zaklamp/Programma/Full_TEST/Drivers/STM32F7xx_HAL_Driver/Inc/Legacy" -I"C:/Users/troch/Documents/GitHub/Multifunctionele-high-power-zaklamp/Programma/Full_TEST/Drivers/CMSIS/Device/ST/STM32F7xx/Include" -I"C:/Users/troch/Documents/GitHub/Multifunctionele-high-power-zaklamp/Programma/Full_TEST/Drivers/CMSIS/Include"  -Og -g3 -Wall -fmessage-length=0 -ffunction-sections -c -fmessage-length=0 -MMD -MP -MF"Core/Src/main.d" -MT"Core/Src/main.o" -o "Core/Src/main.o" "../Core/Src/main.c"
Finished building: ../Core/Src/main.c
 
Building target: Full_TEST.elf
Invoking: MCU GCC Linker
arm-none-eabi-gcc -mcpu=cortex-m7 -mthumb -mfloat-abi=hard -mfpu=fpv5-sp-d16 -specs=nosys.specs -specs=nano.specs -T"../STM32F746NGHx_FLASH.ld" -Wl,-Map=output.map -Wl,--gc-sections -o "Full_TEST.elf" @"objects.list"   -lm
Finished building target: Full_TEST.elf
 
make --no-print-directory post-build
Generating hex and Printing size information:
arm-none-eabi-objcopy -O ihex "Full_TEST.elf" "Full_TEST.hex"
arm-none-eabi-size "Full_TEST.elf"
   text	   data	    bss	    dec	    hex	filename
  11208	     20	   1916	  13144	   3358	Full_TEST.elf
 
19:39:25 **** Build of configuration Debug for project Full_TEST ****
make -j12 all 
Building file: ../Core/Src/main.c
Invoking: MCU GCC Compiler
C:\Users\troch\Documents\GitHub\Multifunctionele-high-power-zaklamp\Programma\Full_TEST\Debug
arm-none-eabi-gcc -mcpu=cortex-m7 -mthumb -mfloat-abi=hard -mfpu=fpv5-sp-d16 -DUSE_HAL_DRIVER -DSTM32F746xx -I"C:/Users/troch/Documents/GitHub/Multifunctionele-high-power-zaklamp/Programma/Full_TEST/Core/Inc" -I"C:/Users/troch/Documents/GitHub/Multifunctionele-high-power-zaklamp/Programma/Full_TEST/Drivers/STM32F7xx_HAL_Driver/Inc" -I"C:/Users/troch/Documents/GitHub/Multifunctionele-high-power-zaklamp/Programma/Full_TEST/Drivers/STM32F7xx_HAL_Driver/Inc/Legacy" -I"C:/Users/troch/Documents/GitHub/Multifunctionele-high-power-zaklamp/Programma/Full_TEST/Drivers/CMSIS/Device/ST/STM32F7xx/Include" -I"C:/Users/troch/Documents/GitHub/Multifunctionele-high-power-zaklamp/Programma/Full_TEST/Drivers/CMSIS/Include"  -Og -g3 -Wall -fmessage-length=0 -ffunction-sections -c -fmessage-length=0 -MMD -MP -MF"Core/Src/main.d" -MT"Core/Src/main.o" -o "Core/Src/main.o" "../Core/Src/main.c"
In file included from c:\ac6\systemworkbench\plugins\fr.ac6.mcu.externaltools.arm-none.win32_1.17.0.201812190825\tools\compiler\arm-none-eabi\include\sys\stat.h:9:0,
                 from ../Core/Src/main.c:71:
c:\ac6\systemworkbench\plugins\fr.ac6.mcu.externaltools.arm-none.win32_1.17.0.201812190825\tools\compiler\arm-none-eabi\include\time.h:59:11: error: 'time' redeclared as different kind of symbol
 time_t    time (time_t *_timer);
           ^~~~
../Core/Src/main.c:56:10: note: previous definition of 'time' was here
 uint16_t time = 0;
          ^~~~
../Core/Src/main.c: In function 'main':
../Core/Src/main.c:142:8: error: lvalue required as left operand of assignment
   time = HAL_GetTick();
        ^
../Core/Src/main.c:143:23: error: invalid operands to binary - (have 'uint32_t {aka long unsigned int}' and 'time_t (*)(time_t *) {aka long long int (*)(long long int *)}')
   if( ( HAL_GetTick() - time ) < 300 )
         ~~~~~~~~~~~~~ ^
make: *** [Core/Src/main.o] Error 1
Core/Src/subdir.mk:33: recipe for target 'Core/Src/main.o' failed
19:40:12 **** Incremental Build of configuration Debug for project Full_TEST ****
make -j12 all 
Building file: ../Core/Src/main.c
Invoking: MCU GCC Compiler
C:\Users\troch\Documents\GitHub\Multifunctionele-high-power-zaklamp\Programma\Full_TEST\Debug
arm-none-eabi-gcc -mcpu=cortex-m7 -mthumb -mfloat-abi=hard -mfpu=fpv5-sp-d16 -DUSE_HAL_DRIVER -DSTM32F746xx -I"C:/Users/troch/Documents/GitHub/Multifunctionele-high-power-zaklamp/Programma/Full_TEST/Core/Inc" -I"C:/Users/troch/Documents/GitHub/Multifunctionele-high-power-zaklamp/Programma/Full_TEST/Drivers/STM32F7xx_HAL_Driver/Inc" -I"C:/Users/troch/Documents/GitHub/Multifunctionele-high-power-zaklamp/Programma/Full_TEST/Drivers/STM32F7xx_HAL_Driver/Inc/Legacy" -I"C:/Users/troch/Documents/GitHub/Multifunctionele-high-power-zaklamp/Programma/Full_TEST/Drivers/CMSIS/Device/ST/STM32F7xx/Include" -I"C:/Users/troch/Documents/GitHub/Multifunctionele-high-power-zaklamp/Programma/Full_TEST/Drivers/CMSIS/Include"  -Og -g3 -Wall -fmessage-length=0 -ffunction-sections -c -fmessage-length=0 -MMD -MP -MF"Core/Src/main.d" -MT"Core/Src/main.o" -o "Core/Src/main.o" "../Core/Src/main.c"
Finished building: ../Core/Src/main.c
 
Building target: Full_TEST.elf
Invoking: MCU GCC Linker
arm-none-eabi-gcc -mcpu=cortex-m7 -mthumb -mfloat-abi=hard -mfpu=fpv5-sp-d16 -specs=nosys.specs -specs=nano.specs -T"../STM32F746NGHx_FLASH.ld" -Wl,-Map=output.map -Wl,--gc-sections -o "Full_TEST.elf" @"objects.list"   -lm
Finished building target: Full_TEST.elf
 
make --no-print-directory post-build
Generating hex and Printing size information:
arm-none-eabi-objcopy -O ihex "Full_TEST.elf" "Full_TEST.hex"
arm-none-eabi-size "Full_TEST.elf"
   text	   data	    bss	    dec	    hex	filename
  11248	     20	   1916	  13184	   3380	Full_TEST.elf
 
19:41:16 **** Incremental Build of configuration Debug for project Full_TEST ****
make -j12 all 
make: Nothing to be done for 'all'.
19:42:17 **** Incremental Build of configuration Debug for project Full_TEST ****
make -j12 all 
Building file: ../Core/Src/main.c
Invoking: MCU GCC Compiler
C:\Users\troch\Documents\GitHub\Multifunctionele-high-power-zaklamp\Programma\Full_TEST\Debug
arm-none-eabi-gcc -mcpu=cortex-m7 -mthumb -mfloat-abi=hard -mfpu=fpv5-sp-d16 -DUSE_HAL_DRIVER -DSTM32F746xx -I"C:/Users/troch/Documents/GitHub/Multifunctionele-high-power-zaklamp/Programma/Full_TEST/Core/Inc" -I"C:/Users/troch/Documents/GitHub/Multifunctionele-high-power-zaklamp/Programma/Full_TEST/Drivers/STM32F7xx_HAL_Driver/Inc" -I"C:/Users/troch/Documents/GitHub/Multifunctionele-high-power-zaklamp/Programma/Full_TEST/Drivers/STM32F7xx_HAL_Driver/Inc/Legacy" -I"C:/Users/troch/Documents/GitHub/Multifunctionele-high-power-zaklamp/Programma/Full_TEST/Drivers/CMSIS/Device/ST/STM32F7xx/Include" -I"C:/Users/troch/Documents/GitHub/Multifunctionele-high-power-zaklamp/Programma/Full_TEST/Drivers/CMSIS/Include"  -Og -g3 -Wall -fmessage-length=0 -ffunction-sections -c -fmessage-length=0 -MMD -MP -MF"Core/Src/main.d" -MT"Core/Src/main.o" -o "Core/Src/main.o" "../Core/Src/main.c"
Finished building: ../Core/Src/main.c
 
Building target: Full_TEST.elf
Invoking: MCU GCC Linker
arm-none-eabi-gcc -mcpu=cortex-m7 -mthumb -mfloat-abi=hard -mfpu=fpv5-sp-d16 -specs=nosys.specs -specs=nano.specs -T"../STM32F746NGHx_FLASH.ld" -Wl,-Map=output.map -Wl,--gc-sections -o "Full_TEST.elf" @"objects.list"   -lm
Finished building target: Full_TEST.elf
 
make --no-print-directory post-build
Generating hex and Printing size information:
arm-none-eabi-objcopy -O ihex "Full_TEST.elf" "Full_TEST.hex"
arm-none-eabi-size "Full_TEST.elf"
   text	   data	    bss	    dec	    hex	filename
  11252	     20	   1916	  13188	   3384	Full_TEST.elf
 
19:44:05 **** Incremental Build of configuration Debug for project Full_TEST ****
make -j12 all 
make: Nothing to be done for 'all'.
19:46:29 **** Incremental Build of configuration Debug for project Full_TEST ****
make -j12 all 
Building file: ../Core/Src/main.c
Invoking: MCU GCC Compiler
C:\Users\troch\Documents\GitHub\Multifunctionele-high-power-zaklamp\Programma\Full_TEST\Debug
arm-none-eabi-gcc -mcpu=cortex-m7 -mthumb -mfloat-abi=hard -mfpu=fpv5-sp-d16 -DUSE_HAL_DRIVER -DSTM32F746xx -I"C:/Users/troch/Documents/GitHub/Multifunctionele-high-power-zaklamp/Programma/Full_TEST/Core/Inc" -I"C:/Users/troch/Documents/GitHub/Multifunctionele-high-power-zaklamp/Programma/Full_TEST/Drivers/STM32F7xx_HAL_Driver/Inc" -I"C:/Users/troch/Documents/GitHub/Multifunctionele-high-power-zaklamp/Programma/Full_TEST/Drivers/STM32F7xx_HAL_Driver/Inc/Legacy" -I"C:/Users/troch/Documents/GitHub/Multifunctionele-high-power-zaklamp/Programma/Full_TEST/Drivers/CMSIS/Device/ST/STM32F7xx/Include" -I"C:/Users/troch/Documents/GitHub/Multifunctionele-high-power-zaklamp/Programma/Full_TEST/Drivers/CMSIS/Include"  -Og -g3 -Wall -fmessage-length=0 -ffunction-sections -c -fmessage-length=0 -MMD -MP -MF"Core/Src/main.d" -MT"Core/Src/main.o" -o "Core/Src/main.o" "../Core/Src/main.c"
Finished building: ../Core/Src/main.c
 
Building target: Full_TEST.elf
Invoking: MCU GCC Linker
arm-none-eabi-gcc -mcpu=cortex-m7 -mthumb -mfloat-abi=hard -mfpu=fpv5-sp-d16 -specs=nosys.specs -specs=nano.specs -T"../STM32F746NGHx_FLASH.ld" -Wl,-Map=output.map -Wl,--gc-sections -o "Full_TEST.elf" @"objects.list"   -lm
Finished building target: Full_TEST.elf
 
make --no-print-directory post-build
Generating hex and Printing size information:
arm-none-eabi-objcopy -O ihex "Full_TEST.elf" "Full_TEST.hex"
arm-none-eabi-size "Full_TEST.elf"
   text	   data	    bss	    dec	    hex	filename
  11256	     24	   1912	  13192	   3388	Full_TEST.elf
 
19:49:08 **** Incremental Build of configuration Debug for project Full_TEST ****
make -j12 all 
Building file: ../Core/Src/main.c
Invoking: MCU GCC Compiler
C:\Users\troch\Documents\GitHub\Multifunctionele-high-power-zaklamp\Programma\Full_TEST\Debug
arm-none-eabi-gcc -mcpu=cortex-m7 -mthumb -mfloat-abi=hard -mfpu=fpv5-sp-d16 -DUSE_HAL_DRIVER -DSTM32F746xx -I"C:/Users/troch/Documents/GitHub/Multifunctionele-high-power-zaklamp/Programma/Full_TEST/Core/Inc" -I"C:/Users/troch/Documents/GitHub/Multifunctionele-high-power-zaklamp/Programma/Full_TEST/Drivers/STM32F7xx_HAL_Driver/Inc" -I"C:/Users/troch/Documents/GitHub/Multifunctionele-high-power-zaklamp/Programma/Full_TEST/Drivers/STM32F7xx_HAL_Driver/Inc/Legacy" -I"C:/Users/troch/Documents/GitHub/Multifunctionele-high-power-zaklamp/Programma/Full_TEST/Drivers/CMSIS/Device/ST/STM32F7xx/Include" -I"C:/Users/troch/Documents/GitHub/Multifunctionele-high-power-zaklamp/Programma/Full_TEST/Drivers/CMSIS/Include"  -Og -g3 -Wall -fmessage-length=0 -ffunction-sections -c -fmessage-length=0 -MMD -MP -MF"Core/Src/main.d" -MT"Core/Src/main.o" -o "Core/Src/main.o" "../Core/Src/main.c"
Finished building: ../Core/Src/main.c
 
Building target: Full_TEST.elf
Invoking: MCU GCC Linker
arm-none-eabi-gcc -mcpu=cortex-m7 -mthumb -mfloat-abi=hard -mfpu=fpv5-sp-d16 -specs=nosys.specs -specs=nano.specs -T"../STM32F746NGHx_FLASH.ld" -Wl,-Map=output.map -Wl,--gc-sections -o "Full_TEST.elf" @"objects.list"   -lm
Finished building target: Full_TEST.elf
 
make --no-print-directory post-build
Generating hex and Printing size information:
arm-none-eabi-objcopy -O ihex "Full_TEST.elf" "Full_TEST.hex"
arm-none-eabi-size "Full_TEST.elf"
   text	   data	    bss	    dec	    hex	filename
  11268	     24	   1912	  13204	   3394	Full_TEST.elf
 
19:49:51 **** Incremental Build of configuration Debug for project Full_TEST ****
make -j12 all 
Building file: ../Core/Src/main.c
Invoking: MCU GCC Compiler
C:\Users\troch\Documents\GitHub\Multifunctionele-high-power-zaklamp\Programma\Full_TEST\Debug
arm-none-eabi-gcc -mcpu=cortex-m7 -mthumb -mfloat-abi=hard -mfpu=fpv5-sp-d16 -DUSE_HAL_DRIVER -DSTM32F746xx -I"C:/Users/troch/Documents/GitHub/Multifunctionele-high-power-zaklamp/Programma/Full_TEST/Core/Inc" -I"C:/Users/troch/Documents/GitHub/Multifunctionele-high-power-zaklamp/Programma/Full_TEST/Drivers/STM32F7xx_HAL_Driver/Inc" -I"C:/Users/troch/Documents/GitHub/Multifunctionele-high-power-zaklamp/Programma/Full_TEST/Drivers/STM32F7xx_HAL_Driver/Inc/Legacy" -I"C:/Users/troch/Documents/GitHub/Multifunctionele-high-power-zaklamp/Programma/Full_TEST/Drivers/CMSIS/Device/ST/STM32F7xx/Include" -I"C:/Users/troch/Documents/GitHub/Multifunctionele-high-power-zaklamp/Programma/Full_TEST/Drivers/CMSIS/Include"  -Og -g3 -Wall -fmessage-length=0 -ffunction-sections -c -fmessage-length=0 -MMD -MP -MF"Core/Src/main.d" -MT"Core/Src/main.o" -o "Core/Src/main.o" "../Core/Src/main.c"
Finished building: ../Core/Src/main.c
 
Building target: Full_TEST.elf
Invoking: MCU GCC Linker
arm-none-eabi-gcc -mcpu=cortex-m7 -mthumb -mfloat-abi=hard -mfpu=fpv5-sp-d16 -specs=nosys.specs -specs=nano.specs -T"../STM32F746NGHx_FLASH.ld" -Wl,-Map=output.map -Wl,--gc-sections -o "Full_TEST.elf" @"objects.list"   -lm
Finished building target: Full_TEST.elf
 
make --no-print-directory post-build
Generating hex and Printing size information:
arm-none-eabi-objcopy -O ihex "Full_TEST.elf" "Full_TEST.hex"
arm-none-eabi-size "Full_TEST.elf"
   text	   data	    bss	    dec	    hex	filename
  11272	     24	   1912	  13208	   3398	Full_TEST.elf
 
19:52:45 **** Incremental Build of configuration Debug for project Full_TEST ****
make -j12 all 
Building file: ../Core/Src/main.c
Invoking: MCU GCC Compiler
C:\Users\troch\Documents\GitHub\Multifunctionele-high-power-zaklamp\Programma\Full_TEST\Debug
arm-none-eabi-gcc -mcpu=cortex-m7 -mthumb -mfloat-abi=hard -mfpu=fpv5-sp-d16 -DUSE_HAL_DRIVER -DSTM32F746xx -I"C:/Users/troch/Documents/GitHub/Multifunctionele-high-power-zaklamp/Programma/Full_TEST/Core/Inc" -I"C:/Users/troch/Documents/GitHub/Multifunctionele-high-power-zaklamp/Programma/Full_TEST/Drivers/STM32F7xx_HAL_Driver/Inc" -I"C:/Users/troch/Documents/GitHub/Multifunctionele-high-power-zaklamp/Programma/Full_TEST/Drivers/STM32F7xx_HAL_Driver/Inc/Legacy" -I"C:/Users/troch/Documents/GitHub/Multifunctionele-high-power-zaklamp/Programma/Full_TEST/Drivers/CMSIS/Device/ST/STM32F7xx/Include" -I"C:/Users/troch/Documents/GitHub/Multifunctionele-high-power-zaklamp/Programma/Full_TEST/Drivers/CMSIS/Include"  -Og -g3 -Wall -fmessage-length=0 -ffunction-sections -c -fmessage-length=0 -MMD -MP -MF"Core/Src/main.d" -MT"Core/Src/main.o" -o "Core/Src/main.o" "../Core/Src/main.c"
../Core/Src/main.c: In function 'main':
../Core/Src/main.c:183:8: warning: statement with no effect [-Wunused-value]
   MODE == Off;
        ^
Finished building: ../Core/Src/main.c
 
Building target: Full_TEST.elf
Invoking: MCU GCC Linker
arm-none-eabi-gcc -mcpu=cortex-m7 -mthumb -mfloat-abi=hard -mfpu=fpv5-sp-d16 -specs=nosys.specs -specs=nano.specs -T"../STM32F746NGHx_FLASH.ld" -Wl,-Map=output.map -Wl,--gc-sections -o "Full_TEST.elf" @"objects.list"   -lm
Finished building target: Full_TEST.elf
 
make --no-print-directory post-build
Generating hex and Printing size information:
arm-none-eabi-objcopy -O ihex "Full_TEST.elf" "Full_TEST.hex"
arm-none-eabi-size "Full_TEST.elf"
   text	   data	    bss	    dec	    hex	filename
  11276	     24	   1912	  13212	   339c	Full_TEST.elf
 
19:53:01 **** Incremental Build of configuration Debug for project Full_TEST ****
make -j12 all 
Building file: ../Core/Src/main.c
Invoking: MCU GCC Compiler
C:\Users\troch\Documents\GitHub\Multifunctionele-high-power-zaklamp\Programma\Full_TEST\Debug
arm-none-eabi-gcc -mcpu=cortex-m7 -mthumb -mfloat-abi=hard -mfpu=fpv5-sp-d16 -DUSE_HAL_DRIVER -DSTM32F746xx -I"C:/Users/troch/Documents/GitHub/Multifunctionele-high-power-zaklamp/Programma/Full_TEST/Core/Inc" -I"C:/Users/troch/Documents/GitHub/Multifunctionele-high-power-zaklamp/Programma/Full_TEST/Drivers/STM32F7xx_HAL_Driver/Inc" -I"C:/Users/troch/Documents/GitHub/Multifunctionele-high-power-zaklamp/Programma/Full_TEST/Drivers/STM32F7xx_HAL_Driver/Inc/Legacy" -I"C:/Users/troch/Documents/GitHub/Multifunctionele-high-power-zaklamp/Programma/Full_TEST/Drivers/CMSIS/Device/ST/STM32F7xx/Include" -I"C:/Users/troch/Documents/GitHub/Multifunctionele-high-power-zaklamp/Programma/Full_TEST/Drivers/CMSIS/Include"  -Og -g3 -Wall -fmessage-length=0 -ffunction-sections -c -fmessage-length=0 -MMD -MP -MF"Core/Src/main.d" -MT"Core/Src/main.o" -o "Core/Src/main.o" "../Core/Src/main.c"
../Core/Src/main.c: In function 'main':
../Core/Src/main.c:183:8: warning: statement with no effect [-Wunused-value]
   MODE == Off;
        ^
Finished building: ../Core/Src/main.c
 
Building target: Full_TEST.elf
Invoking: MCU GCC Linker
arm-none-eabi-gcc -mcpu=cortex-m7 -mthumb -mfloat-abi=hard -mfpu=fpv5-sp-d16 -specs=nosys.specs -specs=nano.specs -T"../STM32F746NGHx_FLASH.ld" -Wl,-Map=output.map -Wl,--gc-sections -o "Full_TEST.elf" @"objects.list"   -lm
Finished building target: Full_TEST.elf
 
make --no-print-directory post-build
Generating hex and Printing size information:
arm-none-eabi-objcopy -O ihex "Full_TEST.elf" "Full_TEST.hex"
arm-none-eabi-size "Full_TEST.elf"
   text	   data	    bss	    dec	    hex	filename
  11276	     24	   1912	  13212	   339c	Full_TEST.elf
 
19:55:20 **** Incremental Build of configuration Debug for project Full_TEST ****
make -j12 all 
Building file: ../Core/Src/main.c
Invoking: MCU GCC Compiler
C:\Users\troch\Documents\GitHub\Multifunctionele-high-power-zaklamp\Programma\Full_TEST\Debug
arm-none-eabi-gcc -mcpu=cortex-m7 -mthumb -mfloat-abi=hard -mfpu=fpv5-sp-d16 -DUSE_HAL_DRIVER -DSTM32F746xx -I"C:/Users/troch/Documents/GitHub/Multifunctionele-high-power-zaklamp/Programma/Full_TEST/Core/Inc" -I"C:/Users/troch/Documents/GitHub/Multifunctionele-high-power-zaklamp/Programma/Full_TEST/Drivers/STM32F7xx_HAL_Driver/Inc" -I"C:/Users/troch/Documents/GitHub/Multifunctionele-high-power-zaklamp/Programma/Full_TEST/Drivers/STM32F7xx_HAL_Driver/Inc/Legacy" -I"C:/Users/troch/Documents/GitHub/Multifunctionele-high-power-zaklamp/Programma/Full_TEST/Drivers/CMSIS/Device/ST/STM32F7xx/Include" -I"C:/Users/troch/Documents/GitHub/Multifunctionele-high-power-zaklamp/Programma/Full_TEST/Drivers/CMSIS/Include"  -Og -g3 -Wall -fmessage-length=0 -ffunction-sections -c -fmessage-length=0 -MMD -MP -MF"Core/Src/main.d" -MT"Core/Src/main.o" -o "Core/Src/main.o" "../Core/Src/main.c"
../Core/Src/main.c: In function 'main':
../Core/Src/main.c:186:8: warning: statement with no effect [-Wunused-value]
   MODE == Off;
        ^
Finished building: ../Core/Src/main.c
 
Building target: Full_TEST.elf
Invoking: MCU GCC Linker
arm-none-eabi-gcc -mcpu=cortex-m7 -mthumb -mfloat-abi=hard -mfpu=fpv5-sp-d16 -specs=nosys.specs -specs=nano.specs -T"../STM32F746NGHx_FLASH.ld" -Wl,-Map=output.map -Wl,--gc-sections -o "Full_TEST.elf" @"objects.list"   -lm
Finished building target: Full_TEST.elf
 
make --no-print-directory post-build
Generating hex and Printing size information:
arm-none-eabi-objcopy -O ihex "Full_TEST.elf" "Full_TEST.hex"
arm-none-eabi-size "Full_TEST.elf"
   text	   data	    bss	    dec	    hex	filename
  11280	     24	   1912	  13216	   33a0	Full_TEST.elf
 
19:56:33 **** Incremental Build of configuration Debug for project Full_TEST ****
make -j12 all 
Building file: ../Core/Src/main.c
Invoking: MCU GCC Compiler
C:\Users\troch\Documents\GitHub\Multifunctionele-high-power-zaklamp\Programma\Full_TEST\Debug
arm-none-eabi-gcc -mcpu=cortex-m7 -mthumb -mfloat-abi=hard -mfpu=fpv5-sp-d16 -DUSE_HAL_DRIVER -DSTM32F746xx -I"C:/Users/troch/Documents/GitHub/Multifunctionele-high-power-zaklamp/Programma/Full_TEST/Core/Inc" -I"C:/Users/troch/Documents/GitHub/Multifunctionele-high-power-zaklamp/Programma/Full_TEST/Drivers/STM32F7xx_HAL_Driver/Inc" -I"C:/Users/troch/Documents/GitHub/Multifunctionele-high-power-zaklamp/Programma/Full_TEST/Drivers/STM32F7xx_HAL_Driver/Inc/Legacy" -I"C:/Users/troch/Documents/GitHub/Multifunctionele-high-power-zaklamp/Programma/Full_TEST/Drivers/CMSIS/Device/ST/STM32F7xx/Include" -I"C:/Users/troch/Documents/GitHub/Multifunctionele-high-power-zaklamp/Programma/Full_TEST/Drivers/CMSIS/Include"  -Og -g3 -Wall -fmessage-length=0 -ffunction-sections -c -fmessage-length=0 -MMD -MP -MF"Core/Src/main.d" -MT"Core/Src/main.o" -o "Core/Src/main.o" "../Core/Src/main.c"
../Core/Src/main.c: In function 'main':
../Core/Src/main.c:187:8: warning: statement with no effect [-Wunused-value]
   MODE == Off;
        ^
Finished building: ../Core/Src/main.c
 
Building target: Full_TEST.elf
Invoking: MCU GCC Linker
arm-none-eabi-gcc -mcpu=cortex-m7 -mthumb -mfloat-abi=hard -mfpu=fpv5-sp-d16 -specs=nosys.specs -specs=nano.specs -T"../STM32F746NGHx_FLASH.ld" -Wl,-Map=output.map -Wl,--gc-sections -o "Full_TEST.elf" @"objects.list"   -lm
Finished building target: Full_TEST.elf
 
make --no-print-directory post-build
Generating hex and Printing size information:
arm-none-eabi-objcopy -O ihex "Full_TEST.elf" "Full_TEST.hex"
arm-none-eabi-size "Full_TEST.elf"
   text	   data	    bss	    dec	    hex	filename
  11288	     24	   1912	  13224	   33a8	Full_TEST.elf
 
19:56:48 **** Incremental Build of configuration Debug for project Full_TEST ****
make -j12 all 
Building file: ../Core/Src/main.c
Invoking: MCU GCC Compiler
C:\Users\troch\Documents\GitHub\Multifunctionele-high-power-zaklamp\Programma\Full_TEST\Debug
arm-none-eabi-gcc -mcpu=cortex-m7 -mthumb -mfloat-abi=hard -mfpu=fpv5-sp-d16 -DUSE_HAL_DRIVER -DSTM32F746xx -I"C:/Users/troch/Documents/GitHub/Multifunctionele-high-power-zaklamp/Programma/Full_TEST/Core/Inc" -I"C:/Users/troch/Documents/GitHub/Multifunctionele-high-power-zaklamp/Programma/Full_TEST/Drivers/STM32F7xx_HAL_Driver/Inc" -I"C:/Users/troch/Documents/GitHub/Multifunctionele-high-power-zaklamp/Programma/Full_TEST/Drivers/STM32F7xx_HAL_Driver/Inc/Legacy" -I"C:/Users/troch/Documents/GitHub/Multifunctionele-high-power-zaklamp/Programma/Full_TEST/Drivers/CMSIS/Device/ST/STM32F7xx/Include" -I"C:/Users/troch/Documents/GitHub/Multifunctionele-high-power-zaklamp/Programma/Full_TEST/Drivers/CMSIS/Include"  -Og -g3 -Wall -fmessage-length=0 -ffunction-sections -c -fmessage-length=0 -MMD -MP -MF"Core/Src/main.d" -MT"Core/Src/main.o" -o "Core/Src/main.o" "../Core/Src/main.c"
Finished building: ../Core/Src/main.c
 
Building target: Full_TEST.elf
Invoking: MCU GCC Linker
arm-none-eabi-gcc -mcpu=cortex-m7 -mthumb -mfloat-abi=hard -mfpu=fpv5-sp-d16 -specs=nosys.specs -specs=nano.specs -T"../STM32F746NGHx_FLASH.ld" -Wl,-Map=output.map -Wl,--gc-sections -o "Full_TEST.elf" @"objects.list"   -lm
Finished building target: Full_TEST.elf
 
make --no-print-directory post-build
Generating hex and Printing size information:
arm-none-eabi-objcopy -O ihex "Full_TEST.elf" "Full_TEST.hex"
arm-none-eabi-size "Full_TEST.elf"
   text	   data	    bss	    dec	    hex	filename
  11304	     24	   1912	  13240	   33b8	Full_TEST.elf
 
20:07:12 **** Incremental Build of configuration Debug for project Full_TEST ****
make -j12 all 
Building file: ../Core/Src/main.c
Invoking: MCU GCC Compiler
C:\Users\troch\Documents\GitHub\Multifunctionele-high-power-zaklamp\Programma\Full_TEST\Debug
arm-none-eabi-gcc -mcpu=cortex-m7 -mthumb -mfloat-abi=hard -mfpu=fpv5-sp-d16 -DUSE_HAL_DRIVER -DSTM32F746xx -I"C:/Users/troch/Documents/GitHub/Multifunctionele-high-power-zaklamp/Programma/Full_TEST/Core/Inc" -I"C:/Users/troch/Documents/GitHub/Multifunctionele-high-power-zaklamp/Programma/Full_TEST/Drivers/STM32F7xx_HAL_Driver/Inc" -I"C:/Users/troch/Documents/GitHub/Multifunctionele-high-power-zaklamp/Programma/Full_TEST/Drivers/STM32F7xx_HAL_Driver/Inc/Legacy" -I"C:/Users/troch/Documents/GitHub/Multifunctionele-high-power-zaklamp/Programma/Full_TEST/Drivers/CMSIS/Device/ST/STM32F7xx/Include" -I"C:/Users/troch/Documents/GitHub/Multifunctionele-high-power-zaklamp/Programma/Full_TEST/Drivers/CMSIS/Include"  -Og -g3 -Wall -fmessage-length=0 -ffunction-sections -c -fmessage-length=0 -MMD -MP -MF"Core/Src/main.d" -MT"Core/Src/main.o" -o "Core/Src/main.o" "../Core/Src/main.c"
Finished building: ../Core/Src/main.c
 
Building target: Full_TEST.elf
Invoking: MCU GCC Linker
arm-none-eabi-gcc -mcpu=cortex-m7 -mthumb -mfloat-abi=hard -mfpu=fpv5-sp-d16 -specs=nosys.specs -specs=nano.specs -T"../STM32F746NGHx_FLASH.ld" -Wl,-Map=output.map -Wl,--gc-sections -o "Full_TEST.elf" @"objects.list"   -lm
Finished building target: Full_TEST.elf
 
make --no-print-directory post-build
Generating hex and Printing size information:
arm-none-eabi-objcopy -O ihex "Full_TEST.elf" "Full_TEST.hex"
arm-none-eabi-size "Full_TEST.elf"
   text	   data	    bss	    dec	    hex	filename
  11300	     24	   1912	  13236	   33b4	Full_TEST.elf
 
20:08:46 **** Incremental Build of configuration Debug for project Full_TEST ****
make -j12 all 
Building file: ../Core/Src/main.c
Invoking: MCU GCC Compiler
C:\Users\troch\Documents\GitHub\Multifunctionele-high-power-zaklamp\Programma\Full_TEST\Debug
arm-none-eabi-gcc -mcpu=cortex-m7 -mthumb -mfloat-abi=hard -mfpu=fpv5-sp-d16 -DUSE_HAL_DRIVER -DSTM32F746xx -I"C:/Users/troch/Documents/GitHub/Multifunctionele-high-power-zaklamp/Programma/Full_TEST/Core/Inc" -I"C:/Users/troch/Documents/GitHub/Multifunctionele-high-power-zaklamp/Programma/Full_TEST/Drivers/STM32F7xx_HAL_Driver/Inc" -I"C:/Users/troch/Documents/GitHub/Multifunctionele-high-power-zaklamp/Programma/Full_TEST/Drivers/STM32F7xx_HAL_Driver/Inc/Legacy" -I"C:/Users/troch/Documents/GitHub/Multifunctionele-high-power-zaklamp/Programma/Full_TEST/Drivers/CMSIS/Device/ST/STM32F7xx/Include" -I"C:/Users/troch/Documents/GitHub/Multifunctionele-high-power-zaklamp/Programma/Full_TEST/Drivers/CMSIS/Include"  -Og -g3 -Wall -fmessage-length=0 -ffunction-sections -c -fmessage-length=0 -MMD -MP -MF"Core/Src/main.d" -MT"Core/Src/main.o" -o "Core/Src/main.o" "../Core/Src/main.c"
Finished building: ../Core/Src/main.c
 
Building target: Full_TEST.elf
Invoking: MCU GCC Linker
arm-none-eabi-gcc -mcpu=cortex-m7 -mthumb -mfloat-abi=hard -mfpu=fpv5-sp-d16 -specs=nosys.specs -specs=nano.specs -T"../STM32F746NGHx_FLASH.ld" -Wl,-Map=output.map -Wl,--gc-sections -o "Full_TEST.elf" @"objects.list"   -lm
Finished building target: Full_TEST.elf
 
make --no-print-directory post-build
Generating hex and Printing size information:
arm-none-eabi-objcopy -O ihex "Full_TEST.elf" "Full_TEST.hex"
arm-none-eabi-size "Full_TEST.elf"
   text	   data	    bss	    dec	    hex	filename
  11308	     24	   1912	  13244	   33bc	Full_TEST.elf
 
20:11:09 **** Incremental Build of configuration Debug for project Full_TEST ****
make -j12 all 
Building file: ../Core/Src/main.c
Invoking: MCU GCC Compiler
C:\Users\troch\Documents\GitHub\Multifunctionele-high-power-zaklamp\Programma\Full_TEST\Debug
arm-none-eabi-gcc -mcpu=cortex-m7 -mthumb -mfloat-abi=hard -mfpu=fpv5-sp-d16 -DUSE_HAL_DRIVER -DSTM32F746xx -I"C:/Users/troch/Documents/GitHub/Multifunctionele-high-power-zaklamp/Programma/Full_TEST/Core/Inc" -I"C:/Users/troch/Documents/GitHub/Multifunctionele-high-power-zaklamp/Programma/Full_TEST/Drivers/STM32F7xx_HAL_Driver/Inc" -I"C:/Users/troch/Documents/GitHub/Multifunctionele-high-power-zaklamp/Programma/Full_TEST/Drivers/STM32F7xx_HAL_Driver/Inc/Legacy" -I"C:/Users/troch/Documents/GitHub/Multifunctionele-high-power-zaklamp/Programma/Full_TEST/Drivers/CMSIS/Device/ST/STM32F7xx/Include" -I"C:/Users/troch/Documents/GitHub/Multifunctionele-high-power-zaklamp/Programma/Full_TEST/Drivers/CMSIS/Include"  -Og -g3 -Wall -fmessage-length=0 -ffunction-sections -c -fmessage-length=0 -MMD -MP -MF"Core/Src/main.d" -MT"Core/Src/main.o" -o "Core/Src/main.o" "../Core/Src/main.c"
Finished building: ../Core/Src/main.c
 
Building target: Full_TEST.elf
Invoking: MCU GCC Linker
arm-none-eabi-gcc -mcpu=cortex-m7 -mthumb -mfloat-abi=hard -mfpu=fpv5-sp-d16 -specs=nosys.specs -specs=nano.specs -T"../STM32F746NGHx_FLASH.ld" -Wl,-Map=output.map -Wl,--gc-sections -o "Full_TEST.elf" @"objects.list"   -lm
Finished building target: Full_TEST.elf
 
make --no-print-directory post-build
Generating hex and Printing size information:
arm-none-eabi-objcopy -O ihex "Full_TEST.elf" "Full_TEST.hex"
arm-none-eabi-size "Full_TEST.elf"
   text	   data	    bss	    dec	    hex	filename
  11316	     24	   1912	  13252	   33c4	Full_TEST.elf
 
21:04:02 **** Incremental Build of configuration Debug for project Full_TEST ****
make -j12 all 
make: Nothing to be done for 'all'.
21:05:46 **** Incremental Build of configuration Debug for project Full_TEST ****
make -j12 all 
Building file: ../Core/Src/main.c
Invoking: MCU GCC Compiler
C:\Users\troch\Documents\GitHub\Multifunctionele-high-power-zaklamp\Programma\Full_TEST\Debug
arm-none-eabi-gcc -mcpu=cortex-m7 -mthumb -mfloat-abi=hard -mfpu=fpv5-sp-d16 -DUSE_HAL_DRIVER -DSTM32F746xx -I"C:/Users/troch/Documents/GitHub/Multifunctionele-high-power-zaklamp/Programma/Full_TEST/Core/Inc" -I"C:/Users/troch/Documents/GitHub/Multifunctionele-high-power-zaklamp/Programma/Full_TEST/Drivers/STM32F7xx_HAL_Driver/Inc" -I"C:/Users/troch/Documents/GitHub/Multifunctionele-high-power-zaklamp/Programma/Full_TEST/Drivers/STM32F7xx_HAL_Driver/Inc/Legacy" -I"C:/Users/troch/Documents/GitHub/Multifunctionele-high-power-zaklamp/Programma/Full_TEST/Drivers/CMSIS/Device/ST/STM32F7xx/Include" -I"C:/Users/troch/Documents/GitHub/Multifunctionele-high-power-zaklamp/Programma/Full_TEST/Drivers/CMSIS/Include"  -Og -g3 -Wall -fmessage-length=0 -ffunction-sections -c -fmessage-length=0 -MMD -MP -MF"Core/Src/main.d" -MT"Core/Src/main.o" -o "Core/Src/main.o" "../Core/Src/main.c"
Finished building: ../Core/Src/main.c
 
Building target: Full_TEST.elf
Invoking: MCU GCC Linker
arm-none-eabi-gcc -mcpu=cortex-m7 -mthumb -mfloat-abi=hard -mfpu=fpv5-sp-d16 -specs=nosys.specs -specs=nano.specs -T"../STM32F746NGHx_FLASH.ld" -Wl,-Map=output.map -Wl,--gc-sections -o "Full_TEST.elf" @"objects.list"   -lm
Finished building target: Full_TEST.elf
 
make --no-print-directory post-build
Generating hex and Printing size information:
arm-none-eabi-objcopy -O ihex "Full_TEST.elf" "Full_TEST.hex"
arm-none-eabi-size "Full_TEST.elf"
   text	   data	    bss	    dec	    hex	filename
  11312	     24	   1912	  13248	   33c0	Full_TEST.elf
 
21:06:55 **** Incremental Build of configuration Debug for project Full_TEST ****
make -j12 all 
Building file: ../Core/Src/main.c
Invoking: MCU GCC Compiler
C:\Users\troch\Documents\GitHub\Multifunctionele-high-power-zaklamp\Programma\Full_TEST\Debug
arm-none-eabi-gcc -mcpu=cortex-m7 -mthumb -mfloat-abi=hard -mfpu=fpv5-sp-d16 -DUSE_HAL_DRIVER -DSTM32F746xx -I"C:/Users/troch/Documents/GitHub/Multifunctionele-high-power-zaklamp/Programma/Full_TEST/Core/Inc" -I"C:/Users/troch/Documents/GitHub/Multifunctionele-high-power-zaklamp/Programma/Full_TEST/Drivers/STM32F7xx_HAL_Driver/Inc" -I"C:/Users/troch/Documents/GitHub/Multifunctionele-high-power-zaklamp/Programma/Full_TEST/Drivers/STM32F7xx_HAL_Driver/Inc/Legacy" -I"C:/Users/troch/Documents/GitHub/Multifunctionele-high-power-zaklamp/Programma/Full_TEST/Drivers/CMSIS/Device/ST/STM32F7xx/Include" -I"C:/Users/troch/Documents/GitHub/Multifunctionele-high-power-zaklamp/Programma/Full_TEST/Drivers/CMSIS/Include"  -Og -g3 -Wall -fmessage-length=0 -ffunction-sections -c -fmessage-length=0 -MMD -MP -MF"Core/Src/main.d" -MT"Core/Src/main.o" -o "Core/Src/main.o" "../Core/Src/main.c"
Finished building: ../Core/Src/main.c
 
Building target: Full_TEST.elf
Invoking: MCU GCC Linker
arm-none-eabi-gcc -mcpu=cortex-m7 -mthumb -mfloat-abi=hard -mfpu=fpv5-sp-d16 -specs=nosys.specs -specs=nano.specs -T"../STM32F746NGHx_FLASH.ld" -Wl,-Map=output.map -Wl,--gc-sections -o "Full_TEST.elf" @"objects.list"   -lm
Finished building target: Full_TEST.elf
 
make --no-print-directory post-build
Generating hex and Printing size information:
arm-none-eabi-objcopy -O ihex "Full_TEST.elf" "Full_TEST.hex"
arm-none-eabi-size "Full_TEST.elf"
   text	   data	    bss	    dec	    hex	filename
  11320	     24	   1912	  13256	   33c8	Full_TEST.elf
 
21:07:55 **** Incremental Build of configuration Debug for project Full_TEST ****
make -j12 all 
Building file: ../Core/Src/main.c
Invoking: MCU GCC Compiler
C:\Users\troch\Documents\GitHub\Multifunctionele-high-power-zaklamp\Programma\Full_TEST\Debug
arm-none-eabi-gcc -mcpu=cortex-m7 -mthumb -mfloat-abi=hard -mfpu=fpv5-sp-d16 -DUSE_HAL_DRIVER -DSTM32F746xx -I"C:/Users/troch/Documents/GitHub/Multifunctionele-high-power-zaklamp/Programma/Full_TEST/Core/Inc" -I"C:/Users/troch/Documents/GitHub/Multifunctionele-high-power-zaklamp/Programma/Full_TEST/Drivers/STM32F7xx_HAL_Driver/Inc" -I"C:/Users/troch/Documents/GitHub/Multifunctionele-high-power-zaklamp/Programma/Full_TEST/Drivers/STM32F7xx_HAL_Driver/Inc/Legacy" -I"C:/Users/troch/Documents/GitHub/Multifunctionele-high-power-zaklamp/Programma/Full_TEST/Drivers/CMSIS/Device/ST/STM32F7xx/Include" -I"C:/Users/troch/Documents/GitHub/Multifunctionele-high-power-zaklamp/Programma/Full_TEST/Drivers/CMSIS/Include"  -Og -g3 -Wall -fmessage-length=0 -ffunction-sections -c -fmessage-length=0 -MMD -MP -MF"Core/Src/main.d" -MT"Core/Src/main.o" -o "Core/Src/main.o" "../Core/Src/main.c"
Finished building: ../Core/Src/main.c
 
Building target: Full_TEST.elf
Invoking: MCU GCC Linker
arm-none-eabi-gcc -mcpu=cortex-m7 -mthumb -mfloat-abi=hard -mfpu=fpv5-sp-d16 -specs=nosys.specs -specs=nano.specs -T"../STM32F746NGHx_FLASH.ld" -Wl,-Map=output.map -Wl,--gc-sections -o "Full_TEST.elf" @"objects.list"   -lm
Finished building target: Full_TEST.elf
 
make --no-print-directory post-build
Generating hex and Printing size information:
arm-none-eabi-objcopy -O ihex "Full_TEST.elf" "Full_TEST.hex"
arm-none-eabi-size "Full_TEST.elf"
   text	   data	    bss	    dec	    hex	filename
  11320	     24	   1912	  13256	   33c8	Full_TEST.elf
 
21:21:09 **** Incremental Build of configuration Debug for project Full_TEST ****
make -j12 all 
Building file: ../Core/Src/main.c
Invoking: MCU GCC Compiler
C:\Users\troch\Documents\GitHub\Multifunctionele-high-power-zaklamp\Programma\Full_TEST\Debug
arm-none-eabi-gcc -mcpu=cortex-m7 -mthumb -mfloat-abi=hard -mfpu=fpv5-sp-d16 -DUSE_HAL_DRIVER -DSTM32F746xx -I"C:/Users/troch/Documents/GitHub/Multifunctionele-high-power-zaklamp/Programma/Full_TEST/Core/Inc" -I"C:/Users/troch/Documents/GitHub/Multifunctionele-high-power-zaklamp/Programma/Full_TEST/Drivers/STM32F7xx_HAL_Driver/Inc" -I"C:/Users/troch/Documents/GitHub/Multifunctionele-high-power-zaklamp/Programma/Full_TEST/Drivers/STM32F7xx_HAL_Driver/Inc/Legacy" -I"C:/Users/troch/Documents/GitHub/Multifunctionele-high-power-zaklamp/Programma/Full_TEST/Drivers/CMSIS/Device/ST/STM32F7xx/Include" -I"C:/Users/troch/Documents/GitHub/Multifunctionele-high-power-zaklamp/Programma/Full_TEST/Drivers/CMSIS/Include"  -Og -g3 -Wall -fmessage-length=0 -ffunction-sections -c -fmessage-length=0 -MMD -MP -MF"Core/Src/main.d" -MT"Core/Src/main.o" -o "Core/Src/main.o" "../Core/Src/main.c"
Finished building: ../Core/Src/main.c
 
Building target: Full_TEST.elf
Invoking: MCU GCC Linker
arm-none-eabi-gcc -mcpu=cortex-m7 -mthumb -mfloat-abi=hard -mfpu=fpv5-sp-d16 -specs=nosys.specs -specs=nano.specs -T"../STM32F746NGHx_FLASH.ld" -Wl,-Map=output.map -Wl,--gc-sections -o "Full_TEST.elf" @"objects.list"   -lm
Finished building target: Full_TEST.elf
 
make --no-print-directory post-build
Generating hex and Printing size information:
arm-none-eabi-objcopy -O ihex "Full_TEST.elf" "Full_TEST.hex"
arm-none-eabi-size "Full_TEST.elf"
   text	   data	    bss	    dec	    hex	filename
  11328	     24	   1912	  13264	   33d0	Full_TEST.elf
 
16:35:59 **** Incremental Build of configuration Debug for project Full_TEST ****
make -j12 all 
Building file: ../Core/Src/main.c
Invoking: MCU GCC Compiler
C:\Users\troch\Documents\GitHub\Multifunctionele-high-power-zaklamp\Programma\Full_TEST\Debug
arm-none-eabi-gcc -mcpu=cortex-m7 -mthumb -mfloat-abi=hard -mfpu=fpv5-sp-d16 -DUSE_HAL_DRIVER -DSTM32F746xx -I"C:/Users/troch/Documents/GitHub/Multifunctionele-high-power-zaklamp/Programma/Full_TEST/Core/Inc" -I"C:/Users/troch/Documents/GitHub/Multifunctionele-high-power-zaklamp/Programma/Full_TEST/Drivers/STM32F7xx_HAL_Driver/Inc" -I"C:/Users/troch/Documents/GitHub/Multifunctionele-high-power-zaklamp/Programma/Full_TEST/Drivers/STM32F7xx_HAL_Driver/Inc/Legacy" -I"C:/Users/troch/Documents/GitHub/Multifunctionele-high-power-zaklamp/Programma/Full_TEST/Drivers/CMSIS/Device/ST/STM32F7xx/Include" -I"C:/Users/troch/Documents/GitHub/Multifunctionele-high-power-zaklamp/Programma/Full_TEST/Drivers/CMSIS/Include"  -Og -g3 -Wall -fmessage-length=0 -ffunction-sections -c -fmessage-length=0 -MMD -MP -MF"Core/Src/main.d" -MT"Core/Src/main.o" -o "Core/Src/main.o" "../Core/Src/main.c"
Finished building: ../Core/Src/main.c
 
Building target: Full_TEST.elf
Invoking: MCU GCC Linker
arm-none-eabi-gcc -mcpu=cortex-m7 -mthumb -mfloat-abi=hard -mfpu=fpv5-sp-d16 -specs=nosys.specs -specs=nano.specs -T"../STM32F746NGHx_FLASH.ld" -Wl,-Map=output.map -Wl,--gc-sections -o "Full_TEST.elf" @"objects.list"   -lm
Finished building target: Full_TEST.elf
 
make --no-print-directory post-build
Generating hex and Printing size information:
arm-none-eabi-objcopy -O ihex "Full_TEST.elf" "Full_TEST.hex"
arm-none-eabi-size "Full_TEST.elf"
   text	   data	    bss	    dec	    hex	filename
  11328	     24	   1912	  13264	   33d0	Full_TEST.elf
 
16:38:59 **** Incremental Build of configuration Debug for project Full_TEST ****
make -j12 all 
Building file: ../Core/Src/main.c
Invoking: MCU GCC Compiler
C:\Users\troch\Documents\GitHub\Multifunctionele-high-power-zaklamp\Programma\Full_TEST\Debug
arm-none-eabi-gcc -mcpu=cortex-m7 -mthumb -mfloat-abi=hard -mfpu=fpv5-sp-d16 -DUSE_HAL_DRIVER -DSTM32F746xx -I"C:/Users/troch/Documents/GitHub/Multifunctionele-high-power-zaklamp/Programma/Full_TEST/Core/Inc" -I"C:/Users/troch/Documents/GitHub/Multifunctionele-high-power-zaklamp/Programma/Full_TEST/Drivers/STM32F7xx_HAL_Driver/Inc" -I"C:/Users/troch/Documents/GitHub/Multifunctionele-high-power-zaklamp/Programma/Full_TEST/Drivers/STM32F7xx_HAL_Driver/Inc/Legacy" -I"C:/Users/troch/Documents/GitHub/Multifunctionele-high-power-zaklamp/Programma/Full_TEST/Drivers/CMSIS/Device/ST/STM32F7xx/Include" -I"C:/Users/troch/Documents/GitHub/Multifunctionele-high-power-zaklamp/Programma/Full_TEST/Drivers/CMSIS/Include"  -Og -g3 -Wall -fmessage-length=0 -ffunction-sections -c -fmessage-length=0 -MMD -MP -MF"Core/Src/main.d" -MT"Core/Src/main.o" -o "Core/Src/main.o" "../Core/Src/main.c"
Finished building: ../Core/Src/main.c
 
Building target: Full_TEST.elf
Invoking: MCU GCC Linker
arm-none-eabi-gcc -mcpu=cortex-m7 -mthumb -mfloat-abi=hard -mfpu=fpv5-sp-d16 -specs=nosys.specs -specs=nano.specs -T"../STM32F746NGHx_FLASH.ld" -Wl,-Map=output.map -Wl,--gc-sections -o "Full_TEST.elf" @"objects.list"   -lm
Finished building target: Full_TEST.elf
 
make --no-print-directory post-build
Generating hex and Printing size information:
arm-none-eabi-objcopy -O ihex "Full_TEST.elf" "Full_TEST.hex"
arm-none-eabi-size "Full_TEST.elf"
   text	   data	    bss	    dec	    hex	filename
  11312	     24	   1912	  13248	   33c0	Full_TEST.elf
 
16:45:25 **** Incremental Build of configuration Debug for project Full_TEST ****
make -j12 all 
Building file: ../Core/Src/main.c
Invoking: MCU GCC Compiler
C:\Users\troch\Documents\GitHub\Multifunctionele-high-power-zaklamp\Programma\Full_TEST\Debug
arm-none-eabi-gcc -mcpu=cortex-m7 -mthumb -mfloat-abi=hard -mfpu=fpv5-sp-d16 -DUSE_HAL_DRIVER -DSTM32F746xx -I"C:/Users/troch/Documents/GitHub/Multifunctionele-high-power-zaklamp/Programma/Full_TEST/Core/Inc" -I"C:/Users/troch/Documents/GitHub/Multifunctionele-high-power-zaklamp/Programma/Full_TEST/Drivers/STM32F7xx_HAL_Driver/Inc" -I"C:/Users/troch/Documents/GitHub/Multifunctionele-high-power-zaklamp/Programma/Full_TEST/Drivers/STM32F7xx_HAL_Driver/Inc/Legacy" -I"C:/Users/troch/Documents/GitHub/Multifunctionele-high-power-zaklamp/Programma/Full_TEST/Drivers/CMSIS/Device/ST/STM32F7xx/Include" -I"C:/Users/troch/Documents/GitHub/Multifunctionele-high-power-zaklamp/Programma/Full_TEST/Drivers/CMSIS/Include"  -Og -g3 -Wall -fmessage-length=0 -ffunction-sections -c -fmessage-length=0 -MMD -MP -MF"Core/Src/main.d" -MT"Core/Src/main.o" -o "Core/Src/main.o" "../Core/Src/main.c"
Finished building: ../Core/Src/main.c
 
Building target: Full_TEST.elf
Invoking: MCU GCC Linker
arm-none-eabi-gcc -mcpu=cortex-m7 -mthumb -mfloat-abi=hard -mfpu=fpv5-sp-d16 -specs=nosys.specs -specs=nano.specs -T"../STM32F746NGHx_FLASH.ld" -Wl,-Map=output.map -Wl,--gc-sections -o "Full_TEST.elf" @"objects.list"   -lm
Finished building target: Full_TEST.elf
 
make --no-print-directory post-build
Generating hex and Printing size information:
arm-none-eabi-objcopy -O ihex "Full_TEST.elf" "Full_TEST.hex"
arm-none-eabi-size "Full_TEST.elf"
   text	   data	    bss	    dec	    hex	filename
  11308	     24	   1912	  13244	   33bc	Full_TEST.elf
 
16:46:15 **** Incremental Build of configuration Debug for project Full_TEST ****
make -j12 all 
Building file: ../Core/Src/main.c
Invoking: MCU GCC Compiler
C:\Users\troch\Documents\GitHub\Multifunctionele-high-power-zaklamp\Programma\Full_TEST\Debug
arm-none-eabi-gcc -mcpu=cortex-m7 -mthumb -mfloat-abi=hard -mfpu=fpv5-sp-d16 -DUSE_HAL_DRIVER -DSTM32F746xx -I"C:/Users/troch/Documents/GitHub/Multifunctionele-high-power-zaklamp/Programma/Full_TEST/Core/Inc" -I"C:/Users/troch/Documents/GitHub/Multifunctionele-high-power-zaklamp/Programma/Full_TEST/Drivers/STM32F7xx_HAL_Driver/Inc" -I"C:/Users/troch/Documents/GitHub/Multifunctionele-high-power-zaklamp/Programma/Full_TEST/Drivers/STM32F7xx_HAL_Driver/Inc/Legacy" -I"C:/Users/troch/Documents/GitHub/Multifunctionele-high-power-zaklamp/Programma/Full_TEST/Drivers/CMSIS/Device/ST/STM32F7xx/Include" -I"C:/Users/troch/Documents/GitHub/Multifunctionele-high-power-zaklamp/Programma/Full_TEST/Drivers/CMSIS/Include"  -Og -g3 -Wall -fmessage-length=0 -ffunction-sections -c -fmessage-length=0 -MMD -MP -MF"Core/Src/main.d" -MT"Core/Src/main.o" -o "Core/Src/main.o" "../Core/Src/main.c"
Finished building: ../Core/Src/main.c
 
Building target: Full_TEST.elf
Invoking: MCU GCC Linker
arm-none-eabi-gcc -mcpu=cortex-m7 -mthumb -mfloat-abi=hard -mfpu=fpv5-sp-d16 -specs=nosys.specs -specs=nano.specs -T"../STM32F746NGHx_FLASH.ld" -Wl,-Map=output.map -Wl,--gc-sections -o "Full_TEST.elf" @"objects.list"   -lm
Finished building target: Full_TEST.elf
 
make --no-print-directory post-build
Generating hex and Printing size information:
arm-none-eabi-objcopy -O ihex "Full_TEST.elf" "Full_TEST.hex"
arm-none-eabi-size "Full_TEST.elf"
   text	   data	    bss	    dec	    hex	filename
  11324	     24	   1912	  13260	   33cc	Full_TEST.elf
 
16:46:37 **** Incremental Build of configuration Debug for project Full_TEST ****
make -j12 all 
Building file: ../Core/Src/main.c
Invoking: MCU GCC Compiler
C:\Users\troch\Documents\GitHub\Multifunctionele-high-power-zaklamp\Programma\Full_TEST\Debug
arm-none-eabi-gcc -mcpu=cortex-m7 -mthumb -mfloat-abi=hard -mfpu=fpv5-sp-d16 -DUSE_HAL_DRIVER -DSTM32F746xx -I"C:/Users/troch/Documents/GitHub/Multifunctionele-high-power-zaklamp/Programma/Full_TEST/Core/Inc" -I"C:/Users/troch/Documents/GitHub/Multifunctionele-high-power-zaklamp/Programma/Full_TEST/Drivers/STM32F7xx_HAL_Driver/Inc" -I"C:/Users/troch/Documents/GitHub/Multifunctionele-high-power-zaklamp/Programma/Full_TEST/Drivers/STM32F7xx_HAL_Driver/Inc/Legacy" -I"C:/Users/troch/Documents/GitHub/Multifunctionele-high-power-zaklamp/Programma/Full_TEST/Drivers/CMSIS/Device/ST/STM32F7xx/Include" -I"C:/Users/troch/Documents/GitHub/Multifunctionele-high-power-zaklamp/Programma/Full_TEST/Drivers/CMSIS/Include"  -Og -g3 -Wall -fmessage-length=0 -ffunction-sections -c -fmessage-length=0 -MMD -MP -MF"Core/Src/main.d" -MT"Core/Src/main.o" -o "Core/Src/main.o" "../Core/Src/main.c"
Finished building: ../Core/Src/main.c
 
Building target: Full_TEST.elf
Invoking: MCU GCC Linker
arm-none-eabi-gcc -mcpu=cortex-m7 -mthumb -mfloat-abi=hard -mfpu=fpv5-sp-d16 -specs=nosys.specs -specs=nano.specs -T"../STM32F746NGHx_FLASH.ld" -Wl,-Map=output.map -Wl,--gc-sections -o "Full_TEST.elf" @"objects.list"   -lm
Finished building target: Full_TEST.elf
 
make --no-print-directory post-build
Generating hex and Printing size information:
arm-none-eabi-objcopy -O ihex "Full_TEST.elf" "Full_TEST.hex"
arm-none-eabi-size "Full_TEST.elf"
   text	   data	    bss	    dec	    hex	filename
  11324	     24	   1912	  13260	   33cc	Full_TEST.elf
 
16:46:55 **** Incremental Build of configuration Debug for project Full_TEST ****
make -j12 all 
Building file: ../Core/Src/main.c
Invoking: MCU GCC Compiler
C:\Users\troch\Documents\GitHub\Multifunctionele-high-power-zaklamp\Programma\Full_TEST\Debug
arm-none-eabi-gcc -mcpu=cortex-m7 -mthumb -mfloat-abi=hard -mfpu=fpv5-sp-d16 -DUSE_HAL_DRIVER -DSTM32F746xx -I"C:/Users/troch/Documents/GitHub/Multifunctionele-high-power-zaklamp/Programma/Full_TEST/Core/Inc" -I"C:/Users/troch/Documents/GitHub/Multifunctionele-high-power-zaklamp/Programma/Full_TEST/Drivers/STM32F7xx_HAL_Driver/Inc" -I"C:/Users/troch/Documents/GitHub/Multifunctionele-high-power-zaklamp/Programma/Full_TEST/Drivers/STM32F7xx_HAL_Driver/Inc/Legacy" -I"C:/Users/troch/Documents/GitHub/Multifunctionele-high-power-zaklamp/Programma/Full_TEST/Drivers/CMSIS/Device/ST/STM32F7xx/Include" -I"C:/Users/troch/Documents/GitHub/Multifunctionele-high-power-zaklamp/Programma/Full_TEST/Drivers/CMSIS/Include"  -Og -g3 -Wall -fmessage-length=0 -ffunction-sections -c -fmessage-length=0 -MMD -MP -MF"Core/Src/main.d" -MT"Core/Src/main.o" -o "Core/Src/main.o" "../Core/Src/main.c"
Finished building: ../Core/Src/main.c
 
Building target: Full_TEST.elf
Invoking: MCU GCC Linker
arm-none-eabi-gcc -mcpu=cortex-m7 -mthumb -mfloat-abi=hard -mfpu=fpv5-sp-d16 -specs=nosys.specs -specs=nano.specs -T"../STM32F746NGHx_FLASH.ld" -Wl,-Map=output.map -Wl,--gc-sections -o "Full_TEST.elf" @"objects.list"   -lm
Finished building target: Full_TEST.elf
 
make --no-print-directory post-build
Generating hex and Printing size information:
arm-none-eabi-objcopy -O ihex "Full_TEST.elf" "Full_TEST.hex"
arm-none-eabi-size "Full_TEST.elf"
   text	   data	    bss	    dec	    hex	filename
  11308	     24	   1912	  13244	   33bc	Full_TEST.elf
 
16:47:16 **** Incremental Build of configuration Debug for project Full_TEST ****
make -j12 all 
Building file: ../Core/Src/main.c
Invoking: MCU GCC Compiler
C:\Users\troch\Documents\GitHub\Multifunctionele-high-power-zaklamp\Programma\Full_TEST\Debug
arm-none-eabi-gcc -mcpu=cortex-m7 -mthumb -mfloat-abi=hard -mfpu=fpv5-sp-d16 -DUSE_HAL_DRIVER -DSTM32F746xx -I"C:/Users/troch/Documents/GitHub/Multifunctionele-high-power-zaklamp/Programma/Full_TEST/Core/Inc" -I"C:/Users/troch/Documents/GitHub/Multifunctionele-high-power-zaklamp/Programma/Full_TEST/Drivers/STM32F7xx_HAL_Driver/Inc" -I"C:/Users/troch/Documents/GitHub/Multifunctionele-high-power-zaklamp/Programma/Full_TEST/Drivers/STM32F7xx_HAL_Driver/Inc/Legacy" -I"C:/Users/troch/Documents/GitHub/Multifunctionele-high-power-zaklamp/Programma/Full_TEST/Drivers/CMSIS/Device/ST/STM32F7xx/Include" -I"C:/Users/troch/Documents/GitHub/Multifunctionele-high-power-zaklamp/Programma/Full_TEST/Drivers/CMSIS/Include"  -Og -g3 -Wall -fmessage-length=0 -ffunction-sections -c -fmessage-length=0 -MMD -MP -MF"Core/Src/main.d" -MT"Core/Src/main.o" -o "Core/Src/main.o" "../Core/Src/main.c"
Finished building: ../Core/Src/main.c
 
Building target: Full_TEST.elf
Invoking: MCU GCC Linker
arm-none-eabi-gcc -mcpu=cortex-m7 -mthumb -mfloat-abi=hard -mfpu=fpv5-sp-d16 -specs=nosys.specs -specs=nano.specs -T"../STM32F746NGHx_FLASH.ld" -Wl,-Map=output.map -Wl,--gc-sections -o "Full_TEST.elf" @"objects.list"   -lm
Finished building target: Full_TEST.elf
 
make --no-print-directory post-build
Generating hex and Printing size information:
arm-none-eabi-objcopy -O ihex "Full_TEST.elf" "Full_TEST.hex"
arm-none-eabi-size "Full_TEST.elf"
   text	   data	    bss	    dec	    hex	filename
  11324	     24	   1912	  13260	   33cc	Full_TEST.elf
 
16:47:49 **** Incremental Build of configuration Debug for project Full_TEST ****
make -j12 all 
Building file: ../Core/Src/main.c
Invoking: MCU GCC Compiler
C:\Users\troch\Documents\GitHub\Multifunctionele-high-power-zaklamp\Programma\Full_TEST\Debug
arm-none-eabi-gcc -mcpu=cortex-m7 -mthumb -mfloat-abi=hard -mfpu=fpv5-sp-d16 -DUSE_HAL_DRIVER -DSTM32F746xx -I"C:/Users/troch/Documents/GitHub/Multifunctionele-high-power-zaklamp/Programma/Full_TEST/Core/Inc" -I"C:/Users/troch/Documents/GitHub/Multifunctionele-high-power-zaklamp/Programma/Full_TEST/Drivers/STM32F7xx_HAL_Driver/Inc" -I"C:/Users/troch/Documents/GitHub/Multifunctionele-high-power-zaklamp/Programma/Full_TEST/Drivers/STM32F7xx_HAL_Driver/Inc/Legacy" -I"C:/Users/troch/Documents/GitHub/Multifunctionele-high-power-zaklamp/Programma/Full_TEST/Drivers/CMSIS/Device/ST/STM32F7xx/Include" -I"C:/Users/troch/Documents/GitHub/Multifunctionele-high-power-zaklamp/Programma/Full_TEST/Drivers/CMSIS/Include"  -Og -g3 -Wall -fmessage-length=0 -ffunction-sections -c -fmessage-length=0 -MMD -MP -MF"Core/Src/main.d" -MT"Core/Src/main.o" -o "Core/Src/main.o" "../Core/Src/main.c"
Finished building: ../Core/Src/main.c
 
Building target: Full_TEST.elf
Invoking: MCU GCC Linker
arm-none-eabi-gcc -mcpu=cortex-m7 -mthumb -mfloat-abi=hard -mfpu=fpv5-sp-d16 -specs=nosys.specs -specs=nano.specs -T"../STM32F746NGHx_FLASH.ld" -Wl,-Map=output.map -Wl,--gc-sections -o "Full_TEST.elf" @"objects.list"   -lm
Finished building target: Full_TEST.elf
 
make --no-print-directory post-build
Generating hex and Printing size information:
arm-none-eabi-objcopy -O ihex "Full_TEST.elf" "Full_TEST.hex"
arm-none-eabi-size "Full_TEST.elf"
   text	   data	    bss	    dec	    hex	filename
  11316	     24	   1912	  13252	   33c4	Full_TEST.elf
 
16:49:14 **** Incremental Build of configuration Debug for project Full_TEST ****
make -j12 all 
Building file: ../Core/Src/main.c
Invoking: MCU GCC Compiler
C:\Users\troch\Documents\GitHub\Multifunctionele-high-power-zaklamp\Programma\Full_TEST\Debug
arm-none-eabi-gcc -mcpu=cortex-m7 -mthumb -mfloat-abi=hard -mfpu=fpv5-sp-d16 -DUSE_HAL_DRIVER -DSTM32F746xx -I"C:/Users/troch/Documents/GitHub/Multifunctionele-high-power-zaklamp/Programma/Full_TEST/Core/Inc" -I"C:/Users/troch/Documents/GitHub/Multifunctionele-high-power-zaklamp/Programma/Full_TEST/Drivers/STM32F7xx_HAL_Driver/Inc" -I"C:/Users/troch/Documents/GitHub/Multifunctionele-high-power-zaklamp/Programma/Full_TEST/Drivers/STM32F7xx_HAL_Driver/Inc/Legacy" -I"C:/Users/troch/Documents/GitHub/Multifunctionele-high-power-zaklamp/Programma/Full_TEST/Drivers/CMSIS/Device/ST/STM32F7xx/Include" -I"C:/Users/troch/Documents/GitHub/Multifunctionele-high-power-zaklamp/Programma/Full_TEST/Drivers/CMSIS/Include"  -Og -g3 -Wall -fmessage-length=0 -ffunction-sections -c -fmessage-length=0 -MMD -MP -MF"Core/Src/main.d" -MT"Core/Src/main.o" -o "Core/Src/main.o" "../Core/Src/main.c"
Finished building: ../Core/Src/main.c
 
Building target: Full_TEST.elf
Invoking: MCU GCC Linker
arm-none-eabi-gcc -mcpu=cortex-m7 -mthumb -mfloat-abi=hard -mfpu=fpv5-sp-d16 -specs=nosys.specs -specs=nano.specs -T"../STM32F746NGHx_FLASH.ld" -Wl,-Map=output.map -Wl,--gc-sections -o "Full_TEST.elf" @"objects.list"   -lm
Finished building target: Full_TEST.elf
 
make --no-print-directory post-build
Generating hex and Printing size information:
arm-none-eabi-objcopy -O ihex "Full_TEST.elf" "Full_TEST.hex"
arm-none-eabi-size "Full_TEST.elf"
   text	   data	    bss	    dec	    hex	filename
  11340	     24	   1912	  13276	   33dc	Full_TEST.elf
 
16:57:35 **** Incremental Build of configuration Debug for project Full_TEST ****
make -j12 all 
Building file: ../Core/Src/main.c
Invoking: MCU GCC Compiler
C:\Users\troch\Documents\GitHub\Multifunctionele-high-power-zaklamp\Programma\Full_TEST\Debug
arm-none-eabi-gcc -mcpu=cortex-m7 -mthumb -mfloat-abi=hard -mfpu=fpv5-sp-d16 -DUSE_HAL_DRIVER -DSTM32F746xx -I"C:/Users/troch/Documents/GitHub/Multifunctionele-high-power-zaklamp/Programma/Full_TEST/Core/Inc" -I"C:/Users/troch/Documents/GitHub/Multifunctionele-high-power-zaklamp/Programma/Full_TEST/Drivers/STM32F7xx_HAL_Driver/Inc" -I"C:/Users/troch/Documents/GitHub/Multifunctionele-high-power-zaklamp/Programma/Full_TEST/Drivers/STM32F7xx_HAL_Driver/Inc/Legacy" -I"C:/Users/troch/Documents/GitHub/Multifunctionele-high-power-zaklamp/Programma/Full_TEST/Drivers/CMSIS/Device/ST/STM32F7xx/Include" -I"C:/Users/troch/Documents/GitHub/Multifunctionele-high-power-zaklamp/Programma/Full_TEST/Drivers/CMSIS/Include"  -Og -g3 -Wall -fmessage-length=0 -ffunction-sections -c -fmessage-length=0 -MMD -MP -MF"Core/Src/main.d" -MT"Core/Src/main.o" -o "Core/Src/main.o" "../Core/Src/main.c"
Finished building: ../Core/Src/main.c
 
Building target: Full_TEST.elf
Invoking: MCU GCC Linker
arm-none-eabi-gcc -mcpu=cortex-m7 -mthumb -mfloat-abi=hard -mfpu=fpv5-sp-d16 -specs=nosys.specs -specs=nano.specs -T"../STM32F746NGHx_FLASH.ld" -Wl,-Map=output.map -Wl,--gc-sections -o "Full_TEST.elf" @"objects.list"   -lm
Finished building target: Full_TEST.elf
 
make --no-print-directory post-build
Generating hex and Printing size information:
arm-none-eabi-objcopy -O ihex "Full_TEST.elf" "Full_TEST.hex"
arm-none-eabi-size "Full_TEST.elf"
   text	   data	    bss	    dec	    hex	filename
  11344	     24	   1912	  13280	   33e0	Full_TEST.elf
 
17:03:07 **** Incremental Build of configuration Debug for project Full_TEST ****
make -j12 all 
Building file: ../Core/Src/main.c
Invoking: MCU GCC Compiler
C:\Users\troch\Documents\GitHub\Multifunctionele-high-power-zaklamp\Programma\Full_TEST\Debug
arm-none-eabi-gcc -mcpu=cortex-m7 -mthumb -mfloat-abi=hard -mfpu=fpv5-sp-d16 -DUSE_HAL_DRIVER -DSTM32F746xx -I"C:/Users/troch/Documents/GitHub/Multifunctionele-high-power-zaklamp/Programma/Full_TEST/Core/Inc" -I"C:/Users/troch/Documents/GitHub/Multifunctionele-high-power-zaklamp/Programma/Full_TEST/Drivers/STM32F7xx_HAL_Driver/Inc" -I"C:/Users/troch/Documents/GitHub/Multifunctionele-high-power-zaklamp/Programma/Full_TEST/Drivers/STM32F7xx_HAL_Driver/Inc/Legacy" -I"C:/Users/troch/Documents/GitHub/Multifunctionele-high-power-zaklamp/Programma/Full_TEST/Drivers/CMSIS/Device/ST/STM32F7xx/Include" -I"C:/Users/troch/Documents/GitHub/Multifunctionele-high-power-zaklamp/Programma/Full_TEST/Drivers/CMSIS/Include"  -Og -g3 -Wall -fmessage-length=0 -ffunction-sections -c -fmessage-length=0 -MMD -MP -MF"Core/Src/main.d" -MT"Core/Src/main.o" -o "Core/Src/main.o" "../Core/Src/main.c"
Finished building: ../Core/Src/main.c
 
Building target: Full_TEST.elf
Invoking: MCU GCC Linker
arm-none-eabi-gcc -mcpu=cortex-m7 -mthumb -mfloat-abi=hard -mfpu=fpv5-sp-d16 -specs=nosys.specs -specs=nano.specs -T"../STM32F746NGHx_FLASH.ld" -Wl,-Map=output.map -Wl,--gc-sections -o "Full_TEST.elf" @"objects.list"   -lm
Finished building target: Full_TEST.elf
 
make --no-print-directory post-build
Generating hex and Printing size information:
arm-none-eabi-objcopy -O ihex "Full_TEST.elf" "Full_TEST.hex"
arm-none-eabi-size "Full_TEST.elf"
   text	   data	    bss	    dec	    hex	filename
  11344	     24	   1912	  13280	   33e0	Full_TEST.elf
 
17:31:29 **** Incremental Build of configuration Debug for project Full_TEST ****
make -j12 all 
Building file: ../Drivers/STM32F7xx_HAL_Driver/Src/stm32f7xx_hal_cortex.c
Building file: ../Drivers/STM32F7xx_HAL_Driver/Src/stm32f7xx_hal.c
Building file: ../Drivers/STM32F7xx_HAL_Driver/Src/stm32f7xx_hal_dma.c
Building file: ../Drivers/STM32F7xx_HAL_Driver/Src/stm32f7xx_hal_dma_ex.c
Building file: ../Drivers/STM32F7xx_HAL_Driver/Src/stm32f7xx_hal_exti.c
Invoking: MCU GCC Compiler
Invoking: MCU GCC Compiler
Invoking: MCU GCC Compiler
Invoking: MCU GCC Compiler
Building file: ../Drivers/STM32F7xx_HAL_Driver/Src/stm32f7xx_hal_flash.c
Invoking: MCU GCC Compiler
C:\Users\troch\Documents\GitHub\Multifunctionele-high-power-zaklamp\Programma\Full_TEST\Debug
C:\Users\troch\Documents\GitHub\Multifunctionele-high-power-zaklamp\Programma\Full_TEST\Debug
C:\Users\troch\Documents\GitHub\Multifunctionele-high-power-zaklamp\Programma\Full_TEST\Debug
arm-none-eabi-gcc -mcpu=cortex-m7 -mthumb -mfloat-abi=hard -mfpu=fpv5-sp-d16 -DUSE_HAL_DRIVER -DSTM32F746xx -I"C:/Users/troch/Documents/GitHub/Multifunctionele-high-power-zaklamp/Programma/Full_TEST/Core/Inc" -I"C:/Users/troch/Documents/GitHub/Multifunctionele-high-power-zaklamp/Programma/Full_TEST/Drivers/STM32F7xx_HAL_Driver/Inc" -I"C:/Users/troch/Documents/GitHub/Multifunctionele-high-power-zaklamp/Programma/Full_TEST/Drivers/STM32F7xx_HAL_Driver/Inc/Legacy" -I"C:/Users/troch/Documents/GitHub/Multifunctionele-high-power-zaklamp/Programma/Full_TEST/Drivers/CMSIS/Device/ST/STM32F7xx/Include" -I"C:/Users/troch/Documents/GitHub/Multifunctionele-high-power-zaklamp/Programma/Full_TEST/Drivers/CMSIS/Include"  -Og -g3 -Wall -fmessage-length=0 -ffunction-sections -c -fmessage-length=0 -MMD -MP -MF"Drivers/STM32F7xx_HAL_Driver/Src/stm32f7xx_hal_cortex.d" -MT"Drivers/STM32F7xx_HAL_Driver/Src/stm32f7xx_hal_cortex.o" -o "Drivers/STM32F7xx_HAL_Driver/Src/stm32f7xx_hal_cortex.o" "../Drivers/STM32F7xx_HAL_Driver/Src/stm32f7xx_hal_cortex.c"
C:\Users\troch\Documents\GitHub\Multifunctionele-high-power-zaklamp\Programma\Full_TEST\Debug
arm-none-eabi-gcc -mcpu=cortex-m7 -mthumb -mfloat-abi=hard -mfpu=fpv5-sp-d16 -DUSE_HAL_DRIVER -DSTM32F746xx -I"C:/Users/troch/Documents/GitHub/Multifunctionele-high-power-zaklamp/Programma/Full_TEST/Core/Inc" -I"C:/Users/troch/Documents/GitHub/Multifunctionele-high-power-zaklamp/Programma/Full_TEST/Drivers/STM32F7xx_HAL_Driver/Inc" -I"C:/Users/troch/Documents/GitHub/Multifunctionele-high-power-zaklamp/Programma/Full_TEST/Drivers/STM32F7xx_HAL_Driver/Inc/Legacy" -I"C:/Users/troch/Documents/GitHub/Multifunctionele-high-power-zaklamp/Programma/Full_TEST/Drivers/CMSIS/Device/ST/STM32F7xx/Include" -I"C:/Users/troch/Documents/GitHub/Multifunctionele-high-power-zaklamp/Programma/Full_TEST/Drivers/CMSIS/Include"  -Og -g3 -Wall -fmessage-length=0 -ffunction-sections -c -fmessage-length=0 -MMD -MP -MF"Drivers/STM32F7xx_HAL_Driver/Src/stm32f7xx_hal.d" -MT"Drivers/STM32F7xx_HAL_Driver/Src/stm32f7xx_hal.o" -o "Drivers/STM32F7xx_HAL_Driver/Src/stm32f7xx_hal.o" "../Drivers/STM32F7xx_HAL_Driver/Src/stm32f7xx_hal.c"
Invoking: MCU GCC Compiler
Building file: ../Drivers/STM32F7xx_HAL_Driver/Src/stm32f7xx_hal_flash_ex.c
arm-none-eabi-gcc -mcpu=cortex-m7 -mthumb -mfloat-abi=hard -mfpu=fpv5-sp-d16 -DUSE_HAL_DRIVER -DSTM32F746xx -I"C:/Users/troch/Documents/GitHub/Multifunctionele-high-power-zaklamp/Programma/Full_TEST/Core/Inc" -I"C:/Users/troch/Documents/GitHub/Multifunctionele-high-power-zaklamp/Programma/Full_TEST/Drivers/STM32F7xx_HAL_Driver/Inc" -I"C:/Users/troch/Documents/GitHub/Multifunctionele-high-power-zaklamp/Programma/Full_TEST/Drivers/STM32F7xx_HAL_Driver/Inc/Legacy" -I"C:/Users/troch/Documents/GitHub/Multifunctionele-high-power-zaklamp/Programma/Full_TEST/Drivers/CMSIS/Device/ST/STM32F7xx/Include" -I"C:/Users/troch/Documents/GitHub/Multifunctionele-high-power-zaklamp/Programma/Full_TEST/Drivers/CMSIS/Include"  -Og -g3 -Wall -fmessage-length=0 -ffunction-sections -c -fmessage-length=0 -MMD -MP -MF"Drivers/STM32F7xx_HAL_Driver/Src/stm32f7xx_hal_dma.d" -MT"Drivers/STM32F7xx_HAL_Driver/Src/stm32f7xx_hal_dma.o" -o "Drivers/STM32F7xx_HAL_Driver/Src/stm32f7xx_hal_dma.o" "../Drivers/STM32F7xx_HAL_Driver/Src/stm32f7xx_hal_dma.c"
arm-none-eabi-gcc -mcpu=cortex-m7 -mthumb -mfloat-abi=hard -mfpu=fpv5-sp-d16 -DUSE_HAL_DRIVER -DSTM32F746xx -I"C:/Users/troch/Documents/GitHub/Multifunctionele-high-power-zaklamp/Programma/Full_TEST/Core/Inc" -I"C:/Users/troch/Documents/GitHub/Multifunctionele-high-power-zaklamp/Programma/Full_TEST/Drivers/STM32F7xx_HAL_Driver/Inc" -I"C:/Users/troch/Documents/GitHub/Multifunctionele-high-power-zaklamp/Programma/Full_TEST/Drivers/STM32F7xx_HAL_Driver/Inc/Legacy" -I"C:/Users/troch/Documents/GitHub/Multifunctionele-high-power-zaklamp/Programma/Full_TEST/Drivers/CMSIS/Device/ST/STM32F7xx/Include" -I"C:/Users/troch/Documents/GitHub/Multifunctionele-high-power-zaklamp/Programma/Full_TEST/Drivers/CMSIS/Include"  -Og -g3 -Wall -fmessage-length=0 -ffunction-sections -c -fmessage-length=0 -MMD -MP -MF"Drivers/STM32F7xx_HAL_Driver/Src/stm32f7xx_hal_dma_ex.d" -MT"Drivers/STM32F7xx_HAL_Driver/Src/stm32f7xx_hal_dma_ex.o" -o "Drivers/STM32F7xx_HAL_Driver/Src/stm32f7xx_hal_dma_ex.o" "../Drivers/STM32F7xx_HAL_Driver/Src/stm32f7xx_hal_dma_ex.c"
C:\Users\troch\Documents\GitHub\Multifunctionele-high-power-zaklamp\Programma\Full_TEST\Debug
[...]
Invoking: MCU GCC Compiler
C:\Users\troch\Documents\GitHub\Multifunctionele-high-power-zaklamp\Programma\Full_TEST\Debug
C:\Users\troch\Documents\GitHub\Multifunctionele-high-power-zaklamp\Programma\Full_TEST\Debug
arm-none-eabi-gcc -mcpu=cortex-m7 -mthumb -mfloat-abi=hard -mfpu=fpv5-sp-d16 -DUSE_HAL_DRIVER -DSTM32F746xx -I"C:/Users/troch/Documents/GitHub/Multifunctionele-high-power-zaklamp/Programma/Full_TEST/Core/Inc" -I"C:/Users/troch/Documents/GitHub/Multifunctionele-high-power-zaklamp/Programma/Full_TEST/Drivers/STM32F7xx_HAL_Driver/Inc" -I"C:/Users/troch/Documents/GitHub/Multifunctionele-high-power-zaklamp/Programma/Full_TEST/Drivers/STM32F7xx_HAL_Driver/Inc/Legacy" -I"C:/Users/troch/Documents/GitHub/Multifunctionele-high-power-zaklamp/Programma/Full_TEST/Drivers/CMSIS/Device/ST/STM32F7xx/Include" -I"C:/Users/troch/Documents/GitHub/Multifunctionele-high-power-zaklamp/Programma/Full_TEST/Drivers/CMSIS/Include"  -Og -g3 -Wall -fmessage-length=0 -ffunction-sections -c -fmessage-length=0 -MMD -MP -MF"Core/Src/Morse.d" -MT"Core/Src/Morse.o" -o "Core/Src/Morse.o" "../Core/Src/Morse.c"
Invoking: MCU GCC Compiler
arm-none-eabi-gcc -mcpu=cortex-m7 -mthumb -mfloat-abi=hard -mfpu=fpv5-sp-d16 -DUSE_HAL_DRIVER -DSTM32F746xx -I"C:/Users/troch/Documents/GitHub/Multifunctionele-high-power-zaklamp/Programma/Full_TEST/Core/Inc" -I"C:/Users/troch/Documents/GitHub/Multifunctionele-high-power-zaklamp/Programma/Full_TEST/Drivers/STM32F7xx_HAL_Driver/Inc" -I"C:/Users/troch/Documents/GitHub/Multifunctionele-high-power-zaklamp/Programma/Full_TEST/Drivers/STM32F7xx_HAL_Driver/Inc/Legacy" -I"C:/Users/troch/Documents/GitHub/Multifunctionele-high-power-zaklamp/Programma/Full_TEST/Drivers/CMSIS/Device/ST/STM32F7xx/Include" -I"C:/Users/troch/Documents/GitHub/Multifunctionele-high-power-zaklamp/Programma/Full_TEST/Drivers/CMSIS/Include"  -Og -g3 -Wall -fmessage-length=0 -ffunction-sections -c -fmessage-length=0 -MMD -MP -MF"Core/Src/main.d" -MT"Core/Src/main.o" -o "Core/Src/main.o" "../Core/Src/main.c"
C:\Users\troch\Documents\GitHub\Multifunctionele-high-power-zaklamp\Programma\Full_TEST\Debug
C:\Users\troch\Documents\GitHub\Multifunctionele-high-power-zaklamp\Programma\Full_TEST\Debug
arm-none-eabi-gcc -mcpu=cortex-m7 -mthumb -mfloat-abi=hard -mfpu=fpv5-sp-d16 -DUSE_HAL_DRIVER -DSTM32F746xx -I"C:/Users/troch/Documents/GitHub/Multifunctionele-high-power-zaklamp/Programma/Full_TEST/Core/Inc" -I"C:/Users/troch/Documents/GitHub/Multifunctionele-high-power-zaklamp/Programma/Full_TEST/Drivers/STM32F7xx_HAL_Driver/Inc" -I"C:/Users/troch/Documents/GitHub/Multifunctionele-high-power-zaklamp/Programma/Full_TEST/Drivers/STM32F7xx_HAL_Driver/Inc/Legacy" -I"C:/Users/troch/Documents/GitHub/Multifunctionele-high-power-zaklamp/Programma/Full_TEST/Drivers/CMSIS/Device/ST/STM32F7xx/Include" -I"C:/Users/troch/Documents/GitHub/Multifunctionele-high-power-zaklamp/Programma/Full_TEST/Drivers/CMSIS/Include"  -Og -g3 -Wall -fmessage-length=0 -ffunction-sections -c -fmessage-length=0 -MMD -MP -MF"Core/Src/stm32f7xx_hal_msp.d" -MT"Core/Src/stm32f7xx_hal_msp.o" -o "Core/Src/stm32f7xx_hal_msp.o" "../Core/Src/stm32f7xx_hal_msp.c"
C:\Users\troch\Documents\GitHub\Multifunctionele-high-power-zaklamp\Programma\Full_TEST\Debug
arm-none-eabi-gcc -mcpu=cortex-m7 -mthumb -mfloat-abi=hard -mfpu=fpv5-sp-d16 -DUSE_HAL_DRIVER -DSTM32F746xx -I"C:/Users/troch/Documents/GitHub/Multifunctionele-high-power-zaklamp/Programma/Full_TEST/Core/Inc" -I"C:/Users/troch/Documents/GitHub/Multifunctionele-high-power-zaklamp/Programma/Full_TEST/Drivers/STM32F7xx_HAL_Driver/Inc" -I"C:/Users/troch/Documents/GitHub/Multifunctionele-high-power-zaklamp/Programma/Full_TEST/Drivers/STM32F7xx_HAL_Driver/Inc/Legacy" -I"C:/Users/troch/Documents/GitHub/Multifunctionele-high-power-zaklamp/Programma/Full_TEST/Drivers/CMSIS/Device/ST/STM32F7xx/Include" -I"C:/Users/troch/Documents/GitHub/Multifunctionele-high-power-zaklamp/Programma/Full_TEST/Drivers/CMSIS/Include"  -Og -g3 -Wall -fmessage-length=0 -ffunction-sections -c -fmessage-length=0 -MMD -MP -MF"Core/Src/system_stm32f7xx.d" -MT"Core/Src/system_stm32f7xx.o" -o "Core/Src/system_stm32f7xx.o" "../Core/Src/system_stm32f7xx.c"
arm-none-eabi-gcc -mcpu=cortex-m7 -mthumb -mfloat-abi=hard -mfpu=fpv5-sp-d16 -DUSE_HAL_DRIVER -DSTM32F746xx -I"C:/Users/troch/Documents/GitHub/Multifunctionele-high-power-zaklamp/Programma/Full_TEST/Core/Inc" -I"C:/Users/troch/Documents/GitHub/Multifunctionele-high-power-zaklamp/Programma/Full_TEST/Drivers/STM32F7xx_HAL_Driver/Inc" -I"C:/Users/troch/Documents/GitHub/Multifunctionele-high-power-zaklamp/Programma/Full_TEST/Drivers/STM32F7xx_HAL_Driver/Inc/Legacy" -I"C:/Users/troch/Documents/GitHub/Multifunctionele-high-power-zaklamp/Programma/Full_TEST/Drivers/CMSIS/Device/ST/STM32F7xx/Include" -I"C:/Users/troch/Documents/GitHub/Multifunctionele-high-power-zaklamp/Programma/Full_TEST/Drivers/CMSIS/Include"  -Og -g3 -Wall -fmessage-length=0 -ffunction-sections -c -fmessage-length=0 -MMD -MP -MF"Core/Src/stm32f7xx_it.d" -MT"Core/Src/stm32f7xx_it.o" -o "Core/Src/stm32f7xx_it.o" "../Core/Src/stm32f7xx_it.c"
Finished building: ../Drivers/STM32F7xx_HAL_Driver/Src/stm32f7xx_hal_i2c.c
 
Finished building: ../Drivers/STM32F7xx_HAL_Driver/Src/stm32f7xx_hal_rcc.c
 
Finished building: ../Drivers/STM32F7xx_HAL_Driver/Src/stm32f7xx_hal_rcc_ex.c
Finished building: ../Core/Src/system_stm32f7xx.c
 
 
Finished building: ../Drivers/STM32F7xx_HAL_Driver/Src/stm32f7xx_hal_uart_ex.c
Finished building: ../Core/Src/stm32f7xx_hal_msp.c
Finished building: ../Core/Src/stm32f7xx_it.c
Finished building: ../Core/Src/Morse.c
 
 
 
 
Finished building: ../Core/Src/main.c
 
Finished building: ../Drivers/STM32F7xx_HAL_Driver/Src/stm32f7xx_hal_tim_ex.c
 
Finished building: ../Drivers/STM32F7xx_HAL_Driver/Src/stm32f7xx_hal_uart.c
 
Finished building: ../Drivers/STM32F7xx_HAL_Driver/Src/stm32f7xx_hal_tim.c
 
Building target: Full_TEST.elf
Invoking: MCU GCC Linker
arm-none-eabi-gcc -mcpu=cortex-m7 -mthumb -mfloat-abi=hard -mfpu=fpv5-sp-d16 -specs=nosys.specs -specs=nano.specs -T"../STM32F746NGHx_FLASH.ld" -Wl,-Map=output.map -Wl,--gc-sections -o "Full_TEST.elf" @"objects.list"   -lm
Finished building target: Full_TEST.elf
 
make --no-print-directory post-build
Generating hex and Printing size information:
arm-none-eabi-objcopy -O ihex "Full_TEST.elf" "Full_TEST.hex"
arm-none-eabi-size "Full_TEST.elf"
   text	   data	    bss	    dec	    hex	filename
  12448	     24	   2048	  14520	   38b8	Full_TEST.elf
 
18:14:47 **** Incremental Build of configuration Debug for project Full_TEST ****
make -j12 all 
Building file: ../Core/Src/main.c
Invoking: MCU GCC Compiler
C:\Users\troch\Documents\GitHub\Multifunctionele-high-power-zaklamp\Programma\Full_TEST\Debug
arm-none-eabi-gcc -mcpu=cortex-m7 -mthumb -mfloat-abi=hard -mfpu=fpv5-sp-d16 -DUSE_HAL_DRIVER -DSTM32F746xx -I"C:/Users/troch/Documents/GitHub/Multifunctionele-high-power-zaklamp/Programma/Full_TEST/Core/Inc" -I"C:/Users/troch/Documents/GitHub/Multifunctionele-high-power-zaklamp/Programma/Full_TEST/Drivers/STM32F7xx_HAL_Driver/Inc" -I"C:/Users/troch/Documents/GitHub/Multifunctionele-high-power-zaklamp/Programma/Full_TEST/Drivers/STM32F7xx_HAL_Driver/Inc/Legacy" -I"C:/Users/troch/Documents/GitHub/Multifunctionele-high-power-zaklamp/Programma/Full_TEST/Drivers/CMSIS/Device/ST/STM32F7xx/Include" -I"C:/Users/troch/Documents/GitHub/Multifunctionele-high-power-zaklamp/Programma/Full_TEST/Drivers/CMSIS/Include"  -Og -g3 -Wall -fmessage-length=0 -ffunction-sections -c -fmessage-length=0 -MMD -MP -MF"Core/Src/main.d" -MT"Core/Src/main.o" -o "Core/Src/main.o" "../Core/Src/main.c"
Finished building: ../Core/Src/main.c
 
Building target: Full_TEST.elf
Invoking: MCU GCC Linker
arm-none-eabi-gcc -mcpu=cortex-m7 -mthumb -mfloat-abi=hard -mfpu=fpv5-sp-d16 -specs=nosys.specs -specs=nano.specs -T"../STM32F746NGHx_FLASH.ld" -Wl,-Map=output.map -Wl,--gc-sections -o "Full_TEST.elf" @"objects.list"   -lm
Finished building target: Full_TEST.elf
 
make --no-print-directory post-build
Generating hex and Printing size information:
arm-none-eabi-objcopy -O ihex "Full_TEST.elf" "Full_TEST.hex"
arm-none-eabi-size "Full_TEST.elf"
   text	   data	    bss	    dec	    hex	filename
  13008	     24	   2048	  15080	   3ae8	Full_TEST.elf
 
18:17:13 **** Incremental Build of configuration Debug for project Full_TEST ****
make -j12 all 
Building file: ../Core/Src/main.c
Invoking: MCU GCC Compiler
C:\Users\troch\Documents\GitHub\Multifunctionele-high-power-zaklamp\Programma\Full_TEST\Debug
arm-none-eabi-gcc -mcpu=cortex-m7 -mthumb -mfloat-abi=hard -mfpu=fpv5-sp-d16 -DUSE_HAL_DRIVER -DSTM32F746xx -I"C:/Users/troch/Documents/GitHub/Multifunctionele-high-power-zaklamp/Programma/Full_TEST/Core/Inc" -I"C:/Users/troch/Documents/GitHub/Multifunctionele-high-power-zaklamp/Programma/Full_TEST/Drivers/STM32F7xx_HAL_Driver/Inc" -I"C:/Users/troch/Documents/GitHub/Multifunctionele-high-power-zaklamp/Programma/Full_TEST/Drivers/STM32F7xx_HAL_Driver/Inc/Legacy" -I"C:/Users/troch/Documents/GitHub/Multifunctionele-high-power-zaklamp/Programma/Full_TEST/Drivers/CMSIS/Device/ST/STM32F7xx/Include" -I"C:/Users/troch/Documents/GitHub/Multifunctionele-high-power-zaklamp/Programma/Full_TEST/Drivers/CMSIS/Include"  -Og -g3 -Wall -fmessage-length=0 -ffunction-sections -c -fmessage-length=0 -MMD -MP -MF"Core/Src/main.d" -MT"Core/Src/main.o" -o "Core/Src/main.o" "../Core/Src/main.c"
../Core/Src/main.c: In function 'main':
../Core/Src/main.c:188:3: warning: implicit declaration of function 'printf' [-Wimplicit-function-declaration]
   printf("%c\r\n", ucCharBuffer);
   ^~~~~~
../Core/Src/main.c:188:3: warning: incompatible implicit declaration of built-in function 'printf'
../Core/Src/main.c:188:3: note: include '<stdio.h>' or provide a declaration of 'printf'
Finished building: ../Core/Src/main.c
 
Building target: Full_TEST.elf
Invoking: MCU GCC Linker
arm-none-eabi-gcc -mcpu=cortex-m7 -mthumb -mfloat-abi=hard -mfpu=fpv5-sp-d16 -specs=nosys.specs -specs=nano.specs -T"../STM32F746NGHx_FLASH.ld" -Wl,-Map=output.map -Wl,--gc-sections -o "Full_TEST.elf" @"objects.list"   -lm
Finished building target: Full_TEST.elf
 
make --no-print-directory post-build
Generating hex and Printing size information:
arm-none-eabi-objcopy -O ihex "Full_TEST.elf" "Full_TEST.hex"
arm-none-eabi-size "Full_TEST.elf"
   text	   data	    bss	    dec	    hex	filename
  17304	    124	   2068	  19496	   4c28	Full_TEST.elf
 
18:18:28 **** Incremental Build of configuration Debug for project Full_TEST ****
make -j12 all 
Building file: ../Core/Src/main.c
Invoking: MCU GCC Compiler
C:\Users\troch\Documents\GitHub\Multifunctionele-high-power-zaklamp\Programma\Full_TEST\Debug
arm-none-eabi-gcc -mcpu=cortex-m7 -mthumb -mfloat-abi=hard -mfpu=fpv5-sp-d16 -DUSE_HAL_DRIVER -DSTM32F746xx -I"C:/Users/troch/Documents/GitHub/Multifunctionele-high-power-zaklamp/Programma/Full_TEST/Core/Inc" -I"C:/Users/troch/Documents/GitHub/Multifunctionele-high-power-zaklamp/Programma/Full_TEST/Drivers/STM32F7xx_HAL_Driver/Inc" -I"C:/Users/troch/Documents/GitHub/Multifunctionele-high-power-zaklamp/Programma/Full_TEST/Drivers/STM32F7xx_HAL_Driver/Inc/Legacy" -I"C:/Users/troch/Documents/GitHub/Multifunctionele-high-power-zaklamp/Programma/Full_TEST/Drivers/CMSIS/Device/ST/STM32F7xx/Include" -I"C:/Users/troch/Documents/GitHub/Multifunctionele-high-power-zaklamp/Programma/Full_TEST/Drivers/CMSIS/Include"  -Og -g3 -Wall -fmessage-length=0 -ffunction-sections -c -fmessage-length=0 -MMD -MP -MF"Core/Src/main.d" -MT"Core/Src/main.o" -o "Core/Src/main.o" "../Core/Src/main.c"
../Core/Src/main.c: In function 'main':
../Core/Src/main.c:188:3: warning: implicit declaration of function 'printf' [-Wimplicit-function-declaration]
   printf("test\r\n");
   ^~~~~~
../Core/Src/main.c:188:3: warning: incompatible implicit declaration of built-in function 'printf'
../Core/Src/main.c:188:3: note: include '<stdio.h>' or provide a declaration of 'printf'
Finished building: ../Core/Src/main.c
 
Building target: Full_TEST.elf
Invoking: MCU GCC Linker
arm-none-eabi-gcc -mcpu=cortex-m7 -mthumb -mfloat-abi=hard -mfpu=fpv5-sp-d16 -specs=nosys.specs -specs=nano.specs -T"../STM32F746NGHx_FLASH.ld" -Wl,-Map=output.map -Wl,--gc-sections -o "Full_TEST.elf" @"objects.list"   -lm
Finished building target: Full_TEST.elf
 
make --no-print-directory post-build
Generating hex and Printing size information:
arm-none-eabi-objcopy -O ihex "Full_TEST.elf" "Full_TEST.hex"
arm-none-eabi-size "Full_TEST.elf"
   text	   data	    bss	    dec	    hex	filename
  17520	    124	   2068	  19712	   4d00	Full_TEST.elf
 
18:18:56 **** Incremental Build of configuration Debug for project Full_TEST ****
make -j12 all 
Building file: ../Core/Src/main.c
Invoking: MCU GCC Compiler
C:\Users\troch\Documents\GitHub\Multifunctionele-high-power-zaklamp\Programma\Full_TEST\Debug
arm-none-eabi-gcc -mcpu=cortex-m7 -mthumb -mfloat-abi=hard -mfpu=fpv5-sp-d16 -DUSE_HAL_DRIVER -DSTM32F746xx -I"C:/Users/troch/Documents/GitHub/Multifunctionele-high-power-zaklamp/Programma/Full_TEST/Core/Inc" -I"C:/Users/troch/Documents/GitHub/Multifunctionele-high-power-zaklamp/Programma/Full_TEST/Drivers/STM32F7xx_HAL_Driver/Inc" -I"C:/Users/troch/Documents/GitHub/Multifunctionele-high-power-zaklamp/Programma/Full_TEST/Drivers/STM32F7xx_HAL_Driver/Inc/Legacy" -I"C:/Users/troch/Documents/GitHub/Multifunctionele-high-power-zaklamp/Programma/Full_TEST/Drivers/CMSIS/Device/ST/STM32F7xx/Include" -I"C:/Users/troch/Documents/GitHub/Multifunctionele-high-power-zaklamp/Programma/Full_TEST/Drivers/CMSIS/Include"  -Og -g3 -Wall -fmessage-length=0 -ffunction-sections -c -fmessage-length=0 -MMD -MP -MF"Core/Src/main.d" -MT"Core/Src/main.o" -o "Core/Src/main.o" "../Core/Src/main.c"
../Core/Src/main.c: In function 'main':
../Core/Src/main.c:188:3: warning: implicit declaration of function 'printf' [-Wimplicit-function-declaration]
   printf("test\r\n");
   ^~~~~~
../Core/Src/main.c:188:3: warning: incompatible implicit declaration of built-in function 'printf'
../Core/Src/main.c:188:3: note: include '<stdio.h>' or provide a declaration of 'printf'
Finished building: ../Core/Src/main.c
 
Building target: Full_TEST.elf
Invoking: MCU GCC Linker
arm-none-eabi-gcc -mcpu=cortex-m7 -mthumb -mfloat-abi=hard -mfpu=fpv5-sp-d16 -specs=nosys.specs -specs=nano.specs -T"../STM32F746NGHx_FLASH.ld" -Wl,-Map=output.map -Wl,--gc-sections -o "Full_TEST.elf" @"objects.list"   -lm
Finished building target: Full_TEST.elf
 
make --no-print-directory post-build
Generating hex and Printing size information:
arm-none-eabi-objcopy -O ihex "Full_TEST.elf" "Full_TEST.hex"
arm-none-eabi-size "Full_TEST.elf"
   text	   data	    bss	    dec	    hex	filename
  17528	    124	   2068	  19720	   4d08	Full_TEST.elf
 
18:34:08 **** Incremental Build of configuration Debug for project Full_TEST ****
make -j12 all 
make: Nothing to be done for 'all'.
18:35:08 **** Incremental Build of configuration Debug for project Full_TEST ****
make -j12 all 
Building file: ../Core/Src/Morse.c
Building file: ../Core/Src/main.c
Invoking: MCU GCC Compiler
Invoking: MCU GCC Compiler
C:\Users\troch\Documents\GitHub\Multifunctionele-high-power-zaklamp\Programma\Full_TEST\Debug
arm-none-eabi-gcc -mcpu=cortex-m7 -mthumb -mfloat-abi=hard -mfpu=fpv5-sp-d16 -DUSE_HAL_DRIVER -DSTM32F746xx -I"C:/Users/troch/Documents/GitHub/Multifunctionele-high-power-zaklamp/Programma/Full_TEST/Core/Inc" -I"C:/Users/troch/Documents/GitHub/Multifunctionele-high-power-zaklamp/Programma/Full_TEST/Drivers/STM32F7xx_HAL_Driver/Inc" -I"C:/Users/troch/Documents/GitHub/Multifunctionele-high-power-zaklamp/Programma/Full_TEST/Drivers/STM32F7xx_HAL_Driver/Inc/Legacy" -I"C:/Users/troch/Documents/GitHub/Multifunctionele-high-power-zaklamp/Programma/Full_TEST/Drivers/CMSIS/Device/ST/STM32F7xx/Include" -I"C:/Users/troch/Documents/GitHub/Multifunctionele-high-power-zaklamp/Programma/Full_TEST/Drivers/CMSIS/Include"  -Og -g3 -Wall -fmessage-length=0 -ffunction-sections -c -fmessage-length=0 -MMD -MP -MF"Core/Src/Morse.d" -MT"Core/Src/Morse.o" -o "Core/Src/Morse.o" "../Core/Src/Morse.c"
C:\Users\troch\Documents\GitHub\Multifunctionele-high-power-zaklamp\Programma\Full_TEST\Debug
arm-none-eabi-gcc -mcpu=cortex-m7 -mthumb -mfloat-abi=hard -mfpu=fpv5-sp-d16 -DUSE_HAL_DRIVER -DSTM32F746xx -I"C:/Users/troch/Documents/GitHub/Multifunctionele-high-power-zaklamp/Programma/Full_TEST/Core/Inc" -I"C:/Users/troch/Documents/GitHub/Multifunctionele-high-power-zaklamp/Programma/Full_TEST/Drivers/STM32F7xx_HAL_Driver/Inc" -I"C:/Users/troch/Documents/GitHub/Multifunctionele-high-power-zaklamp/Programma/Full_TEST/Drivers/STM32F7xx_HAL_Driver/Inc/Legacy" -I"C:/Users/troch/Documents/GitHub/Multifunctionele-high-power-zaklamp/Programma/Full_TEST/Drivers/CMSIS/Device/ST/STM32F7xx/Include" -I"C:/Users/troch/Documents/GitHub/Multifunctionele-high-power-zaklamp/Programma/Full_TEST/Drivers/CMSIS/Include"  -Og -g3 -Wall -fmessage-length=0 -ffunction-sections -c -fmessage-length=0 -MMD -MP -MF"Core/Src/main.d" -MT"Core/Src/main.o" -o "Core/Src/main.o" "../Core/Src/main.c"
../Core/Src/main.c: In function 'main':
../Core/Src/main.c:188:3: warning: implicit declaration of function 'printf' [-Wimplicit-function-declaration]
   printf("test\r\n");
   ^~~~~~
../Core/Src/main.c:188:3: warning: incompatible implicit declaration of built-in function 'printf'
../Core/Src/main.c:188:3: note: include '<stdio.h>' or provide a declaration of 'printf'
Finished building: ../Core/Src/Morse.c
 
Finished building: ../Core/Src/main.c
 
Building target: Full_TEST.elf
Invoking: MCU GCC Linker
arm-none-eabi-gcc -mcpu=cortex-m7 -mthumb -mfloat-abi=hard -mfpu=fpv5-sp-d16 -specs=nosys.specs -specs=nano.specs -T"../STM32F746NGHx_FLASH.ld" -Wl,-Map=output.map -Wl,--gc-sections -o "Full_TEST.elf" @"objects.list"   -lm
Finished building target: Full_TEST.elf
 
make --no-print-directory post-build
Generating hex and Printing size information:
arm-none-eabi-objcopy -O ihex "Full_TEST.elf" "Full_TEST.hex"
arm-none-eabi-size "Full_TEST.elf"
   text	   data	    bss	    dec	    hex	filename
  17532	    124	   2068	  19724	   4d0c	Full_TEST.elf
 
18:35:45 **** Incremental Build of configuration Debug for project Full_TEST ****
make -j12 all 
Building file: ../Core/Src/Morse.c
Invoking: MCU GCC Compiler
C:\Users\troch\Documents\GitHub\Multifunctionele-high-power-zaklamp\Programma\Full_TEST\Debug
arm-none-eabi-gcc -mcpu=cortex-m7 -mthumb -mfloat-abi=hard -mfpu=fpv5-sp-d16 -DUSE_HAL_DRIVER -DSTM32F746xx -I"C:/Users/troch/Documents/GitHub/Multifunctionele-high-power-zaklamp/Programma/Full_TEST/Core/Inc" -I"C:/Users/troch/Documents/GitHub/Multifunctionele-high-power-zaklamp/Programma/Full_TEST/Drivers/STM32F7xx_HAL_Driver/Inc" -I"C:/Users/troch/Documents/GitHub/Multifunctionele-high-power-zaklamp/Programma/Full_TEST/Drivers/STM32F7xx_HAL_Driver/Inc/Legacy" -I"C:/Users/troch/Documents/GitHub/Multifunctionele-high-power-zaklamp/Programma/Full_TEST/Drivers/CMSIS/Device/ST/STM32F7xx/Include" -I"C:/Users/troch/Documents/GitHub/Multifunctionele-high-power-zaklamp/Programma/Full_TEST/Drivers/CMSIS/Include"  -Og -g3 -Wall -fmessage-length=0 -ffunction-sections -c -fmessage-length=0 -MMD -MP -MF"Core/Src/Morse.d" -MT"Core/Src/Morse.o" -o "Core/Src/Morse.o" "../Core/Src/Morse.c"
Finished building: ../Core/Src/Morse.c
 
Building target: Full_TEST.elf
Invoking: MCU GCC Linker
arm-none-eabi-gcc -mcpu=cortex-m7 -mthumb -mfloat-abi=hard -mfpu=fpv5-sp-d16 -specs=nosys.specs -specs=nano.specs -T"../STM32F746NGHx_FLASH.ld" -Wl,-Map=output.map -Wl,--gc-sections -o "Full_TEST.elf" @"objects.list"   -lm
Finished building target: Full_TEST.elf
 
make --no-print-directory post-build
Generating hex and Printing size information:
arm-none-eabi-objcopy -O ihex "Full_TEST.elf" "Full_TEST.hex"
arm-none-eabi-size "Full_TEST.elf"
   text	   data	    bss	    dec	    hex	filename
  17532	    124	   2068	  19724	   4d0c	Full_TEST.elf
 
