21:43:53 **** Incremental Build of configuration Debug for project TEST ****
make -j12 all 
Building file: ../Core/Src/morse.c
Invoking: MCU GCC Compiler
C:\Users\troch\Documents\GitHub\Multifunctionele-high-power-zaklamp\Programma\TEST\Debug
arm-none-eabi-gcc -mcpu=cortex-m7 -mthumb -mfloat-abi=hard -mfpu=fpv5-sp-d16 -DUSE_HAL_DRIVER -DSTM32F746xx -I"C:/Users/troch/Documents/GitHub/Multifunctionele-high-power-zaklamp/Programma/TEST/Core/Inc" -I"C:/Users/troch/Documents/GitHub/Multifunctionele-high-power-zaklamp/Programma/TEST/Drivers/STM32F7xx_HAL_Driver/Inc" -I"C:/Users/troch/Documents/GitHub/Multifunctionele-high-power-zaklamp/Programma/TEST/Drivers/STM32F7xx_HAL_Driver/Inc/Legacy" -I"C:/Users/troch/Documents/GitHub/Multifunctionele-high-power-zaklamp/Programma/TEST/Drivers/CMSIS/Device/ST/STM32F7xx/Include" -I"C:/Users/troch/Documents/GitHub/Multifunctionele-high-power-zaklamp/Programma/TEST/Drivers/CMSIS/Include"  -Og -g3 -Wall -fmessage-length=0 -ffunction-sections -c -fmessage-length=0 -MMD -MP -MF"Core/Src/morse.d" -MT"Core/Src/morse.o" -o "Core/Src/morse.o" "../Core/Src/morse.c"
Finished building: ../Core/Src/morse.c
 
Building target: TEST.elf
Invoking: MCU GCC Linker
arm-none-eabi-gcc -mcpu=cortex-m7 -mthumb -mfloat-abi=hard -mfpu=fpv5-sp-d16 -specs=nosys.specs -specs=nano.specs -T"../STM32F746NGHx_FLASH.ld" -Wl,-Map=output.map -Wl,--gc-sections -o "TEST.elf" @"objects.list"   -lm
Finished building target: TEST.elf
 
make --no-print-directory post-build
Generating hex and Printing size information:
arm-none-eabi-objcopy -O ihex "TEST.elf" "TEST.hex"
arm-none-eabi-size "TEST.elf"
   text	   data	    bss	    dec	    hex	filename
  12556	     28	   1916	  14500	   38a4	TEST.elf
 

21:43:55 Build Finished (took 2s.108ms)

